<html>
<body>
<pre>
<h1>µVision Build Log</h1>
<h2>Tool Versions:</h2>
IDE-Version: µVision V5.25.2.0
Copyright (C) 2018 ARM Ltd and ARM Germany GmbH. All rights reserved.
License Information: etsisi etsisi, upm, LIC=----
 
Tool Versions:
Toolchain:       MDK-Lite  Version: 5.25.2.0
Toolchain Path:  C:\Keil_v5\ARM\ARMCC\Bin
C Compiler:      Armcc.exe V5.06 update 6 (build 750)
Assembler:       Armasm.exe V5.06 update 6 (build 750)
Linker/Locator:  ArmLink.exe V5.06 update 6 (build 750)
Library Manager: ArmAr.exe V5.06 update 6 (build 750)
Hex Converter:   FromElf.exe V5.06 update 6 (build 750)
CPU DLL:         SARMCM3.DLL V5.25.2.0
Dialog DLL:      DCM.DLL V1.17.1.0
Target DLL:      STLink\ST-LINKIII-KEIL_SWO.dll V3.0.1.0
Dialog DLL:      TCM.DLL V1.35.1.0
 
<h2>Project:</h2>
O:\PrSTRDv1\MUSSDE_SDTR\MDK-ARM\P3CAN.uvprojx
Project File Date:  02/21/2025

<h2>Output:</h2>
*** Using Compiler 'V5.06 update 6 (build 750)', folder: 'C:\Keil_v5\ARM\ARMCC\Bin'
Build target 'P3CAN'
compiling main.c...
../Inc/spi.h(73): warning:  #1295-D: Deprecated declaration Inicializa_Acelerometro - give arg types
   void Inicializa_Acelerometro ();	
../Src/main.c(120): warning:  #1295-D: Deprecated declaration checkVibration - give arg types
  	 int checkVibration();
../Src/main.c(133): warning:  #223-D: function "SPI_Read" declared implicitly
  Ix1 = SPI_Read (0x28);
../Src/main.c(207): warning:  #167-D: argument of type "void (*)(const void *)" is incompatible with parameter of type "TaskFunction_t"
    xTaskCreate(StartTarea1, "Tarea inicial", configMINIMAL_STACK_SIZE, NULL, PR_TAREA1, NULL);
../Src/main.c(208): warning:  #167-D: argument of type "void (*)(const void *)" is incompatible with parameter of type "TaskFunction_t"
  	xTaskCreate(startTarea2, "Tarea inicial 2", configMINIMAL_STACK_SIZE, NULL, PR_TAREA2, NULL);
../Src/main.c(210): warning:  #167-D: argument of type "void (*)(const void *)" is incompatible with parameter of type "TaskFunction_t"
  	xTaskCreate(startTarea4, "Tarea inicial 4", configMINIMAL_STACK_SIZE, NULL, PR_TAREA4, NULL);
../Src/main.c(211): warning:  #167-D: argument of type "void (*)(const void *)" is incompatible with parameter of type "TaskFunction_t"
  	xTaskCreate(startTarea5, "Tarea inicial 5", configMINIMAL_STACK_SIZE, NULL, PR_TAREA5, NULL);
../Src/main.c: 7 warnings, 0 errors
linking...
Program Size: Code=18448 RO-data=608 RW-data=216 ZI-data=17112  
FromELF: creating hex file...
"P3CAN\P3CAN.axf" - 0 Error(s), 7 Warning(s).

<h2>Software Packages used:</h2>

Package Vendor: ARM
                http://www.keil.com/pack/ARM.CMSIS.5.9.0.pack
                ARM.CMSIS.5.9.0
                CMSIS (Common Microcontroller Software Interface Standard)
   * Component: CORE Version: 5.6.0

Package Vendor: Keil
                https://www.keil.com/pack/Keil.STM32F4xx_DFP.2.17.1.pack
                Keil.STM32F4xx_DFP.2.17.1
                STMicroelectronics STM32F4 Series Device Support, Drivers and Examples

<h2>Collection of Component include folders:</h2>
  .\RTE\_P3CAN
  C:\Keil_v5\ARM\PACK\ARM\CMSIS\5.9.0\CMSIS\Core\Include
  C:\Keil_v5\ARM\PACK\Keil\STM32F4xx_DFP\2.17.1\Drivers\CMSIS\Device\ST\STM32F4xx\Include

<h2>Collection of Component Files used:</h2>

   * Component: ARM::CMSIS:CORE:5.6.0
Build Time Elapsed:  00:00:05
</pre>
</body>
</html>
