Component: ARM Compiler 5.06 update 6 (build 750) Tool: armlink [4d35ed]

==============================================================================

Section Cross References

    startup_stm32f407xx.o(RESET) refers to startup_stm32f407xx.o(STACK) for __initial_sp
    startup_stm32f407xx.o(RESET) refers to startup_stm32f407xx.o(.text) for Reset_Handler
    startup_stm32f407xx.o(RESET) refers to stm32f4xx_it.o(i.NMI_Handler) for NMI_Handler
    startup_stm32f407xx.o(RESET) refers to stm32f4xx_it.o(i.HardFault_Handler) for HardFault_Handler
    startup_stm32f407xx.o(RESET) refers to stm32f4xx_it.o(i.MemManage_Handler) for MemManage_Handler
    startup_stm32f407xx.o(RESET) refers to stm32f4xx_it.o(i.BusFault_Handler) for BusFault_Handler
    startup_stm32f407xx.o(RESET) refers to stm32f4xx_it.o(i.UsageFault_Handler) for UsageFault_Handler
    startup_stm32f407xx.o(RESET) refers to port.o(.emb_text) for SVC_Handler
    startup_stm32f407xx.o(RESET) refers to stm32f4xx_it.o(i.DebugMon_Handler) for DebugMon_Handler
    startup_stm32f407xx.o(RESET) refers to port.o(i.SysTick_Handler) for SysTick_Handler
    startup_stm32f407xx.o(RESET) refers to stm32f4xx_it.o(i.EXTI0_IRQHandler) for EXTI0_IRQHandler
    startup_stm32f407xx.o(RESET) refers to stm32f4xx_it.o(i.EXTI3_IRQHandler) for EXTI3_IRQHandler
    startup_stm32f407xx.o(RESET) refers to stm32f4xx_it.o(i.CAN1_RX0_IRQHandler) for CAN1_RX0_IRQHandler
    startup_stm32f407xx.o(RESET) refers to stm32f4xx_it.o(i.TIM1_UP_TIM10_IRQHandler) for TIM1_UP_TIM10_IRQHandler
    startup_stm32f407xx.o(RESET) refers to stm32f4xx_it.o(i.I2C2_EV_IRQHandler) for I2C2_EV_IRQHandler
    startup_stm32f407xx.o(.text) refers to system_stm32f4xx.o(i.SystemInit) for SystemInit
    startup_stm32f407xx.o(.text) refers to entry.o(.ARM.Collect$$$$00000000) for __main
    main.o(i.Calculate_RotationX) refers to main.o(i.Obtain_Coordinates_XYZ) for Obtain_Coordinates_XYZ
    main.o(i.Calculate_RotationX) refers to dmul.o(.text) for __aeabi_dmul
    main.o(i.Calculate_RotationX) refers to dadd.o(.text) for __aeabi_dadd
    main.o(i.Calculate_RotationX) refers to sqrt.o(i.__hardfp_sqrt) for __hardfp_sqrt
    main.o(i.Calculate_RotationX) refers to atan2.o(i.__hardfp_atan2) for __hardfp_atan2
    main.o(i.Calculate_RotationX) refers to ddiv.o(.text) for __aeabi_ddiv
    main.o(i.Calculate_RotationX) refers to main.o(.data) for .data
    main.o(i.Calculate_RotationY) refers to main.o(i.Obtain_Coordinates_XYZ) for Obtain_Coordinates_XYZ
    main.o(i.Calculate_RotationY) refers to dmul.o(.text) for __aeabi_dmul
    main.o(i.Calculate_RotationY) refers to dadd.o(.text) for __aeabi_dadd
    main.o(i.Calculate_RotationY) refers to sqrt.o(i.__hardfp_sqrt) for __hardfp_sqrt
    main.o(i.Calculate_RotationY) refers to atan2.o(i.__hardfp_atan2) for __hardfp_atan2
    main.o(i.Calculate_RotationY) refers to ddiv.o(.text) for __aeabi_ddiv
    main.o(i.Calculate_RotationY) refers to main.o(.data) for .data
    main.o(i.HAL_TIM_PeriodElapsedCallback) refers to stm32f4xx_hal.o(i.HAL_IncTick) for HAL_IncTick
    main.o(i.Obtain_Coordinates_XYZ) refers to spi.o(i.SPI_Read) for SPI_Read
    main.o(i.Obtain_Coordinates_XYZ) refers to dflti.o(.text) for __aeabi_i2d
    main.o(i.Obtain_Coordinates_XYZ) refers to dmul.o(.text) for __aeabi_dmul
    main.o(i.Obtain_Coordinates_XYZ) refers to main.o(.data) for .data
    main.o(i.StartTarea1) refers to tasks.o(i.xTaskGetTickCount) for xTaskGetTickCount
    main.o(i.StartTarea1) refers to stm32f4xx_hal_gpio.o(i.HAL_GPIO_WritePin) for HAL_GPIO_WritePin
    main.o(i.StartTarea1) refers to stm32f4xx_hal_gpio.o(i.HAL_GPIO_TogglePin) for HAL_GPIO_TogglePin
    main.o(i.StartTarea1) refers to main.o(i.Calculate_RotationX) for Calculate_RotationX
    main.o(i.StartTarea1) refers to main.o(i.Calculate_RotationY) for Calculate_RotationY
    main.o(i.StartTarea1) refers to tasks.o(i.vTaskDelayUntil) for vTaskDelayUntil
    main.o(i.StartTarea1) refers to main.o(.data) for .data
    main.o(i.SystemClock_Config) refers to memseta.o(.text) for __aeabi_memclr4
    main.o(i.SystemClock_Config) refers to stm32f4xx_hal_rcc.o(i.HAL_RCC_OscConfig) for HAL_RCC_OscConfig
    main.o(i.SystemClock_Config) refers to stm32f4xx_hal_rcc.o(i.HAL_RCC_ClockConfig) for HAL_RCC_ClockConfig
    main.o(i.checkVibration) refers to dadd.o(.text) for __aeabi_dsub
    main.o(i.checkVibration) refers to cdrcmple.o(.text) for __aeabi_cdrcmple
    main.o(i.checkVibration) refers to main.o(.data) for .data
    main.o(i.main) refers to stm32f4xx_hal.o(i.HAL_Init) for HAL_Init
    main.o(i.main) refers to main.o(i.SystemClock_Config) for SystemClock_Config
    main.o(i.main) refers to gpio.o(i.MX_GPIO_Init) for MX_GPIO_Init
    main.o(i.main) refers to adc.o(i.MX_ADC1_Init) for MX_ADC1_Init
    main.o(i.main) refers to spi.o(i.MX_SPI1_Init) for MX_SPI1_Init
    main.o(i.main) refers to can.o(i.MX_CAN1_Init) for MX_CAN1_Init
    main.o(i.main) refers to adc.o(i.MX_ADC2_Init) for MX_ADC2_Init
[...]
    ..\Src\freertos.c                        0x00000000   Number         0  freertos.o ABSOLUTE
    ..\Src\gpio.c                            0x00000000   Number         0  gpio.o ABSOLUTE
    ..\Src\i2c.c                             0x00000000   Number         0  i2c.o ABSOLUTE
    ..\Src\main.c                            0x00000000   Number         0  main.o ABSOLUTE
    ..\Src\spi.c                             0x00000000   Number         0  spi.o ABSOLUTE
    ..\Src\stm32f4xx_hal_msp.c               0x00000000   Number         0  stm32f4xx_hal_msp.o ABSOLUTE
    ..\Src\stm32f4xx_hal_timebase_tim.c      0x00000000   Number         0  stm32f4xx_hal_timebase_tim.o ABSOLUTE
    ..\Src\stm32f4xx_it.c                    0x00000000   Number         0  stm32f4xx_it.o ABSOLUTE
    ..\Src\system_stm32f4xx.c                0x00000000   Number         0  system_stm32f4xx.o ABSOLUTE
    cdcmple.s                                0x00000000   Number         0  cdcmple.o ABSOLUTE
    cdrcmple.s                               0x00000000   Number         0  cdrcmple.o ABSOLUTE
    dc.s                                     0x00000000   Number         0  dc.o ABSOLUTE
    handlers.s                               0x00000000   Number         0  handlers.o ABSOLUTE
    init.s                                   0x00000000   Number         0  init.o ABSOLUTE
    startup_stm32f407xx.s                    0x00000000   Number         0  startup_stm32f407xx.o ABSOLUTE
    RESET                                    0x08000000   Section      392  startup_stm32f407xx.o(RESET)
    .ARM.Collect$$$$00000000                 0x08000188   Section        0  entry.o(.ARM.Collect$$$$00000000)
    .ARM.Collect$$$$00000001                 0x08000188   Section        4  entry2.o(.ARM.Collect$$$$00000001)
    .ARM.Collect$$$$00000004                 0x0800018c   Section        4  entry5.o(.ARM.Collect$$$$00000004)
    .ARM.Collect$$$$00000008                 0x08000190   Section        0  entry7b.o(.ARM.Collect$$$$00000008)
    .ARM.Collect$$$$0000000A                 0x08000190   Section        0  entry8b.o(.ARM.Collect$$$$0000000A)
    .ARM.Collect$$$$0000000B                 0x08000190   Section        8  entry9a.o(.ARM.Collect$$$$0000000B)
    .ARM.Collect$$$$0000000D                 0x08000198   Section        0  entry10a.o(.ARM.Collect$$$$0000000D)
    .ARM.Collect$$$$0000000F                 0x08000198   Section        0  entry11a.o(.ARM.Collect$$$$0000000F)
    .ARM.Collect$$$$00002712                 0x08000198   Section        4  entry2.o(.ARM.Collect$$$$00002712)
    __lit__00000000                          0x08000198   Data           4  entry2.o(.ARM.Collect$$$$00002712)
    .emb_text                                0x0800019c   Section      186  port.o(.emb_text)
    $v0                                      0x0800019c   Number         0  port.o(.emb_text)
    .text                                    0x08000258   Section       36  startup_stm32f407xx.o(.text)
    $v0                                      0x08000258   Number         0  startup_stm32f407xx.o(.text)
    .text                                    0x0800027c   Section        0  uldiv.o(.text)
    .text                                    0x080002de   Section        0  memseta.o(.text)
    .text                                    0x08000302   Section        0  dadd.o(.text)
    .text                                    0x08000450   Section        0  dmul.o(.text)
    .text                                    0x08000534   Section        0  ddiv.o(.text)
    .text                                    0x08000612   Section        0  dflti.o(.text)
    .text                                    0x08000634   Section       48  cdcmple.o(.text)
    .text                                    0x08000664   Section       48  cdrcmple.o(.text)
    .text                                    0x08000694   Section        0  llshl.o(.text)
    .text                                    0x080006b2   Section        0  llushr.o(.text)
    .text                                    0x080006d2   Section        0  llsshr.o(.text)
    .text                                    0x080006f6   Section        0  depilogue.o(.text)
    .text                                    0x080006f6   Section        0  iusefp.o(.text)
    .text                                    0x080007b0   Section        0  dsqrt.o(.text)
    .text                                    0x08000854   Section       36  init.o(.text)
    i.ADC_Init                               0x08000878   Section        0  stm32f4xx_hal_adc.o(i.ADC_Init)
    ADC_Init                                 0x08000879   Thumb Code   280  stm32f4xx_hal_adc.o(i.ADC_Init)
    i.BusFault_Handler                       0x0800099c   Section        0  stm32f4xx_it.o(i.BusFault_Handler)
    i.CAN1_RX0_IRQHandler                    0x080009a0   Section        0  stm32f4xx_it.o(i.CAN1_RX0_IRQHandler)
    i.Calculate_RotationX                    0x080009ac   Section        0  main.o(i.Calculate_RotationX)
    i.Calculate_RotationY                    0x08000a38   Section        0  main.o(i.Calculate_RotationY)
    i.DebugMon_Handler                       0x08000ac4   Section        0  stm32f4xx_it.o(i.DebugMon_Handler)
    i.EXTI0_IRQHandler                       0x08000ac6   Section        0  stm32f4xx_it.o(i.EXTI0_IRQHandler)
    i.EXTI3_IRQHandler                       0x08000acc   Section        0  stm32f4xx_it.o(i.EXTI3_IRQHandler)
    i.Error_Handler                          0x08000ad2   Section        0  main.o(i.Error_Handler)
    i.HAL_ADC_ConfigChannel                  0x08000ad4   Section        0  stm32f4xx_hal_adc.o(i.HAL_ADC_ConfigChannel)
    i.HAL_ADC_GetValue                       0x08000c20   Section        0  stm32f4xx_hal_adc.o(i.HAL_ADC_GetValue)
    i.HAL_ADC_Init                           0x08000c26   Section        0  stm32f4xx_hal_adc.o(i.HAL_ADC_Init)
    i.HAL_ADC_MspInit                        0x08000c7c   Section        0  adc.o(i.HAL_ADC_MspInit)
    i.HAL_ADC_PollForConversion              0x08000d68   Section        0  stm32f4xx_hal_adc.o(i.HAL_ADC_PollForConversion)
    i.HAL_ADC_Start                          0x08000e0c   Section        0  stm32f4xx_hal_adc.o(i.HAL_ADC_Start)
    i.HAL_CAN_ErrorCallback                  0x08000ec8   Section        0  stm32f4xx_hal_can.o(i.HAL_CAN_ErrorCallback)
    i.HAL_CAN_IRQHandler                     0x08000eca   Section        0  stm32f4xx_hal_can.o(i.HAL_CAN_IRQHandler)
    i.HAL_CAN_Init                           0x080010c6   Section        0  stm32f4xx_hal_can.o(i.HAL_CAN_Init)
    i.HAL_CAN_MspInit                        0x080011e0   Section        0  can.o(i.HAL_CAN_MspInit)
    i.HAL_CAN_RxFifo0FullCallback            0x0800125c   Section        0  stm32f4xx_hal_can.o(i.HAL_CAN_RxFifo0FullCallback)
    i.HAL_CAN_RxFifo0MsgPendingCallback      0x0800125e   Section        0  stm32f4xx_hal_can.o(i.HAL_CAN_RxFifo0MsgPendingCallback)
    i.HAL_CAN_RxFifo1FullCallback            0x08001260   Section        0  stm32f4xx_hal_can.o(i.HAL_CAN_RxFifo1FullCallback)
    i.HAL_CAN_RxFifo1MsgPendingCallback      0x08001262   Section        0  stm32f4xx_hal_can.o(i.HAL_CAN_RxFifo1MsgPendingCallback)
    i.HAL_CAN_SleepCallback                  0x08001264   Section        0  stm32f4xx_hal_can.o(i.HAL_CAN_SleepCallback)
    i.HAL_CAN_TxMailbox0AbortCallback        0x08001266   Section        0  stm32f4xx_hal_can.o(i.HAL_CAN_TxMailbox0AbortCallback)
    i.HAL_CAN_TxMailbox0CompleteCallback     0x08001268   Section        0  stm32f4xx_hal_can.o(i.HAL_CAN_TxMailbox0CompleteCallback)
    i.HAL_CAN_TxMailbox1AbortCallback        0x0800126a   Section        0  stm32f4xx_hal_can.o(i.HAL_CAN_TxMailbox1AbortCallback)
    i.HAL_CAN_TxMailbox1CompleteCallback     0x0800126c   Section        0  stm32f4xx_hal_can.o(i.HAL_CAN_TxMailbox1CompleteCallback)
    i.HAL_CAN_TxMailbox2AbortCallback        0x0800126e   Section        0  stm32f4xx_hal_can.o(i.HAL_CAN_TxMailbox2AbortCallback)
    i.HAL_CAN_TxMailbox2CompleteCallback     0x08001270   Section        0  stm32f4xx_hal_can.o(i.HAL_CAN_TxMailbox2CompleteCallback)
    i.HAL_CAN_WakeUpFromRxMsgCallback        0x08001272   Section        0  stm32f4xx_hal_can.o(i.HAL_CAN_WakeUpFromRxMsgCallback)
    i.HAL_DMA_Abort_IT                       0x08001274   Section        0  stm32f4xx_hal_dma.o(i.HAL_DMA_Abort_IT)
    i.HAL_GPIO_EXTI_Callback                 0x08001298   Section        0  stm32f4xx_it.o(i.HAL_GPIO_EXTI_Callback)
    i.HAL_GPIO_EXTI_IRQHandler               0x0800129c   Section        0  stm32f4xx_hal_gpio.o(i.HAL_GPIO_EXTI_IRQHandler)
    i.HAL_GPIO_Init                          0x080012b4   Section        0  stm32f4xx_hal_gpio.o(i.HAL_GPIO_Init)
    i.HAL_GPIO_TogglePin                     0x08001464   Section        0  stm32f4xx_hal_gpio.o(i.HAL_GPIO_TogglePin)
    i.HAL_GPIO_WritePin                      0x0800146c   Section        0  stm32f4xx_hal_gpio.o(i.HAL_GPIO_WritePin)
    i.HAL_GetTick                            0x08001478   Section        0  stm32f4xx_hal.o(i.HAL_GetTick)
    i.HAL_I2C_AbortCpltCallback              0x08001484   Section        0  stm32f4xx_hal_i2c.o(i.HAL_I2C_AbortCpltCallback)
    i.HAL_I2C_AddrCallback                   0x08001486   Section        0  stm32f4xx_hal_i2c.o(i.HAL_I2C_AddrCallback)
    i.HAL_I2C_EV_IRQHandler                  0x08001488   Section        0  stm32f4xx_hal_i2c.o(i.HAL_I2C_EV_IRQHandler)
    i.HAL_I2C_ErrorCallback                  0x08001678   Section        0  stm32f4xx_hal_i2c.o(i.HAL_I2C_ErrorCallback)
    i.HAL_I2C_Init                           0x0800167c   Section        0  stm32f4xx_hal_i2c.o(i.HAL_I2C_Init)
    i.HAL_I2C_ListenCpltCallback             0x08001784   Section        0  stm32f4xx_hal_i2c.o(i.HAL_I2C_ListenCpltCallback)
    i.HAL_I2C_MasterRxCpltCallback           0x08001786   Section        0  stm32f4xx_hal_i2c.o(i.HAL_I2C_MasterRxCpltCallback)
    i.HAL_I2C_MasterTxCpltCallback           0x08001788   Section        0  stm32f4xx_hal_i2c.o(i.HAL_I2C_MasterTxCpltCallback)
    i.HAL_I2C_MemRxCpltCallback              0x0800178a   Section        0  stm32f4xx_hal_i2c.o(i.HAL_I2C_MemRxCpltCallback)
    i.HAL_I2C_MemTxCpltCallback              0x0800178c   Section        0  stm32f4xx_hal_i2c.o(i.HAL_I2C_MemTxCpltCallback)
    i.HAL_I2C_MspInit                        0x08001790   Section        0  i2c.o(i.HAL_I2C_MspInit)
    i.HAL_I2C_SlaveRxCpltCallback            0x0800180c   Section        0  stm32f4xx_hal_i2c.o(i.HAL_I2C_SlaveRxCpltCallback)
    i.HAL_I2C_SlaveTxCpltCallback            0x0800180e   Section        0  stm32f4xx_hal_i2c.o(i.HAL_I2C_SlaveTxCpltCallback)
    i.HAL_IncTick                            0x08001810   Section        0  stm32f4xx_hal.o(i.HAL_IncTick)
    i.HAL_Init                               0x08001820   Section        0  stm32f4xx_hal.o(i.HAL_Init)
    i.HAL_InitTick                           0x08001854   Section        0  stm32f4xx_hal_timebase_tim.o(i.HAL_InitTick)
    i.HAL_MspInit                            0x080018c8   Section        0  stm32f4xx_hal_msp.o(i.HAL_MspInit)
    i.HAL_NVIC_EnableIRQ                     0x08001900   Section        0  stm32f4xx_hal_cortex.o(i.HAL_NVIC_EnableIRQ)
    i.HAL_NVIC_SetPriority                   0x08001918   Section        0  stm32f4xx_hal_cortex.o(i.HAL_NVIC_SetPriority)
    i.HAL_NVIC_SetPriorityGrouping           0x08001958   Section        0  stm32f4xx_hal_cortex.o(i.HAL_NVIC_SetPriorityGrouping)
    i.HAL_RCC_ClockConfig                    0x0800197c   Section        0  stm32f4xx_hal_rcc.o(i.HAL_RCC_ClockConfig)
    i.HAL_RCC_GetClockConfig                 0x08001aac   Section        0  stm32f4xx_hal_rcc.o(i.HAL_RCC_GetClockConfig)
    i.HAL_RCC_GetPCLK1Freq                   0x08001aec   Section        0  stm32f4xx_hal_rcc.o(i.HAL_RCC_GetPCLK1Freq)
    i.HAL_RCC_GetPCLK2Freq                   0x08001b0c   Section        0  stm32f4xx_hal_rcc.o(i.HAL_RCC_GetPCLK2Freq)
    i.HAL_RCC_GetSysClockFreq                0x08001b2c   Section        0  stm32f4xx_hal_rcc.o(i.HAL_RCC_GetSysClockFreq)
    i.HAL_RCC_OscConfig                      0x08001b8c   Section        0  stm32f4xx_hal_rcc.o(i.HAL_RCC_OscConfig)
    i.HAL_SPI_Init                           0x08001ea8   Section        0  stm32f4xx_hal_spi.o(i.HAL_SPI_Init)
    i.HAL_SPI_MspInit                        0x08001f28   Section        0  spi.o(i.HAL_SPI_MspInit)
    i.HAL_SPI_Receive                        0x08001f90   Section        0  stm32f4xx_hal_spi.o(i.HAL_SPI_Receive)
    i.HAL_SPI_Transmit                       0x080020e0   Section        0  stm32f4xx_hal_spi.o(i.HAL_SPI_Transmit)
    i.HAL_SPI_TransmitReceive                0x08002248   Section        0  stm32f4xx_hal_spi.o(i.HAL_SPI_TransmitReceive)
    i.HAL_TIMEx_BreakCallback                0x08002420   Section        0  stm32f4xx_hal_tim_ex.o(i.HAL_TIMEx_BreakCallback)
    i.HAL_TIMEx_CommutationCallback          0x08002422   Section        0  stm32f4xx_hal_tim_ex.o(i.HAL_TIMEx_CommutationCallback)
    i.HAL_TIM_Base_Init                      0x08002424   Section        0  stm32f4xx_hal_tim.o(i.HAL_TIM_Base_Init)
    i.HAL_TIM_Base_MspInit                   0x0800245a   Section        0  stm32f4xx_hal_tim.o(i.HAL_TIM_Base_MspInit)
    i.HAL_TIM_Base_Start_IT                  0x0800245c   Section        0  stm32f4xx_hal_tim.o(i.HAL_TIM_Base_Start_IT)
    i.HAL_TIM_IC_CaptureCallback             0x08002474   Section        0  stm32f4xx_hal_tim.o(i.HAL_TIM_IC_CaptureCallback)
    i.HAL_TIM_IRQHandler                     0x08002476   Section        0  stm32f4xx_hal_tim.o(i.HAL_TIM_IRQHandler)
    i.HAL_TIM_OC_DelayElapsedCallback        0x080025dc   Section        0  stm32f4xx_hal_tim.o(i.HAL_TIM_OC_DelayElapsedCallback)
    i.HAL_TIM_PWM_PulseFinishedCallback      0x080025de   Section        0  stm32f4xx_hal_tim.o(i.HAL_TIM_PWM_PulseFinishedCallback)
    i.HAL_TIM_PeriodElapsedCallback          0x080025e0   Section        0  main.o(i.HAL_TIM_PeriodElapsedCallback)
    i.HAL_TIM_TriggerCallback                0x080025f4   Section        0  stm32f4xx_hal_tim.o(i.HAL_TIM_TriggerCallback)
    i.HardFault_Handler                      0x080025f6   Section        0  stm32f4xx_it.o(i.HardFault_Handler)
    i.I2C2_EV_IRQHandler                     0x080025f8   Section        0  stm32f4xx_it.o(i.I2C2_EV_IRQHandler)
    i.I2C_DMAAbort                           0x08002604   Section        0  stm32f4xx_hal_i2c.o(i.I2C_DMAAbort)
    I2C_DMAAbort                             0x08002605   Thumb Code    78  stm32f4xx_hal_i2c.o(i.I2C_DMAAbort)
    i.I2C_ITError                            0x08002654   Section        0  stm32f4xx_hal_i2c.o(i.I2C_ITError)
    I2C_ITError                              0x08002655   Thumb Code   284  stm32f4xx_hal_i2c.o(i.I2C_ITError)
    i.I2C_MasterReceive_BTF                  0x08002778   Section        0  stm32f4xx_hal_i2c.o(i.I2C_MasterReceive_BTF)
    I2C_MasterReceive_BTF                    0x08002779   Thumb Code   190  stm32f4xx_hal_i2c.o(i.I2C_MasterReceive_BTF)
    i.I2C_MasterReceive_RXNE                 0x08002836   Section        0  stm32f4xx_hal_i2c.o(i.I2C_MasterReceive_RXNE)
    I2C_MasterReceive_RXNE                   0x08002837   Thumb Code   132  stm32f4xx_hal_i2c.o(i.I2C_MasterReceive_RXNE)
    i.I2C_MasterTransmit_BTF                 0x080028ba   Section        0  stm32f4xx_hal_i2c.o(i.I2C_MasterTransmit_BTF)
    I2C_MasterTransmit_BTF                   0x080028bb   Thumb Code   128  stm32f4xx_hal_i2c.o(i.I2C_MasterTransmit_BTF)
    i.I2C_MasterTransmit_TXE                 0x0800293c   Section        0  stm32f4xx_hal_i2c.o(i.I2C_MasterTransmit_TXE)
    I2C_MasterTransmit_TXE                   0x0800293d   Thumb Code   264  stm32f4xx_hal_i2c.o(i.I2C_MasterTransmit_TXE)
    i.I2C_Master_ADDR                        0x08002a44   Section        0  stm32f4xx_hal_i2c.o(i.I2C_Master_ADDR)
    I2C_Master_ADDR                          0x08002a45   Thumb Code   244  stm32f4xx_hal_i2c.o(i.I2C_Master_ADDR)
    i.I2C_Master_SB                          0x08002b38   Section        0  stm32f4xx_hal_i2c.o(i.I2C_Master_SB)
    I2C_Master_SB                            0x08002b39   Thumb Code    90  stm32f4xx_hal_i2c.o(i.I2C_Master_SB)
    i.I2C_Slave_STOPF                        0x08002b94   Section        0  stm32f4xx_hal_i2c.o(i.I2C_Slave_STOPF)
    I2C_Slave_STOPF                          0x08002b95   Thumb Code   214  stm32f4xx_hal_i2c.o(i.I2C_Slave_STOPF)
    i.Inicializa_Acelerometro                0x08002c70   Section        0  spi.o(i.Inicializa_Acelerometro)
    i.MX_ADC1_Init                           0x08002ce0   Section        0  adc.o(i.MX_ADC1_Init)
    i.MX_ADC2_Init                           0x08002d44   Section        0  adc.o(i.MX_ADC2_Init)
    i.MX_ADC3_Init                           0x08002da8   Section        0  adc.o(i.MX_ADC3_Init)
    i.MX_CAN1_Init                           0x08002e0c   Section        0  can.o(i.MX_CAN1_Init)
    i.MX_GPIO_Init                           0x08002e50   Section        0  gpio.o(i.MX_GPIO_Init)
    i.MX_I2C2_Init                           0x08002fd8   Section        0  i2c.o(i.MX_I2C2_Init)
    i.MX_SPI1_Init                           0x08003018   Section        0  spi.o(i.MX_SPI1_Init)
    i.MemManage_Handler                      0x0800305c   Section        0  stm32f4xx_it.o(i.MemManage_Handler)
    i.NMI_Handler                            0x0800305e   Section        0  stm32f4xx_it.o(i.NMI_Handler)
    i.NVIC_SetPriority                       0x08003060   Section        0  stm32f4xx_hal_cortex.o(i.NVIC_SetPriority)
    NVIC_SetPriority                         0x08003061   Thumb Code    32  stm32f4xx_hal_cortex.o(i.NVIC_SetPriority)
    i.Obtain_Coordinates_XYZ                 0x08003080   Section        0  main.o(i.Obtain_Coordinates_XYZ)
    i.SPI_CheckFlag_BSY                      0x08003128   Section        0  stm32f4xx_hal_spi.o(i.SPI_CheckFlag_BSY)
    SPI_CheckFlag_BSY                        0x08003129   Thumb Code    32  stm32f4xx_hal_spi.o(i.SPI_CheckFlag_BSY)
    i.SPI_Read                               0x08003148   Section        0  spi.o(i.SPI_Read)
    i.SPI_WaitFlagStateUntilTimeout          0x08003198   Section        0  stm32f4xx_hal_spi.o(i.SPI_WaitFlagStateUntilTimeout)
    SPI_WaitFlagStateUntilTimeout            0x08003199   Thumb Code   150  stm32f4xx_hal_spi.o(i.SPI_WaitFlagStateUntilTimeout)
    i.StartTarea1                            0x08003230   Section        0  main.o(i.StartTarea1)
    i.SysTick_Handler                        0x080032c0   Section        0  port.o(i.SysTick_Handler)
    i.SystemClock_Config                     0x080032ec   Section        0  main.o(i.SystemClock_Config)
    i.SystemInit                             0x08003374   Section        0  system_stm32f4xx.o(i.SystemInit)
    i.TIM1_UP_TIM10_IRQHandler               0x080033c8   Section        0  stm32f4xx_it.o(i.TIM1_UP_TIM10_IRQHandler)
    i.TIM_Base_SetConfig                     0x080033d4   Section        0  stm32f4xx_hal_tim.o(i.TIM_Base_SetConfig)
    i.UsageFault_Handler                     0x08003494   Section        0  stm32f4xx_it.o(i.UsageFault_Handler)
    i.__ARM_fpclassify                       0x08003496   Section        0  fpclassify.o(i.__ARM_fpclassify)
    i.__hardfp_atan                          0x080034c8   Section        0  atan.o(i.__hardfp_atan)
    i.__hardfp_atan2                         0x080037a0   Section        0  atan2.o(i.__hardfp_atan2)
    i.__hardfp_sqrt                          0x08003990   Section        0  sqrt.o(i.__hardfp_sqrt)
    i.__kernel_poly                          0x08003a0a   Section        0  poly.o(i.__kernel_poly)
    i.__mathlib_dbl_infnan                   0x08003b02   Section        0  dunder.o(i.__mathlib_dbl_infnan)
    i.__mathlib_dbl_infnan2                  0x08003b16   Section        0  dunder.o(i.__mathlib_dbl_infnan2)
    i.__mathlib_dbl_underflow                0x08003b30   Section        0  dunder.o(i.__mathlib_dbl_underflow)
    i.__scatterload_copy                     0x08003b50   Section       14  handlers.o(i.__scatterload_copy)
    i.__scatterload_null                     0x08003b5e   Section        2  handlers.o(i.__scatterload_null)
    i.__scatterload_zeroinit                 0x08003b60   Section       14  handlers.o(i.__scatterload_zeroinit)
    i.__set_errno                            0x08003b70   Section        0  errno.o(i.__set_errno)
    i.atan                                   0x08003b7c   Section        0  atan.o(i.atan)
    i.fabs                                   0x08003b8c   Section        0  fabs.o(i.fabs)
    i.main                                   0x08003ba4   Section        0  main.o(i.main)
    i.osKernelStart                          0x08003c90   Section        0  cmsis_os.o(i.osKernelStart)
    i.prvAddCurrentTaskToDelayedList         0x08003c9c   Section        0  tasks.o(i.prvAddCurrentTaskToDelayedList)
    prvAddCurrentTaskToDelayedList           0x08003c9d   Thumb Code   102  tasks.o(i.prvAddCurrentTaskToDelayedList)
    i.prvAddNewTaskToReadyList               0x08003d0c   Section        0  tasks.o(i.prvAddNewTaskToReadyList)
    prvAddNewTaskToReadyList                 0x08003d0d   Thumb Code   194  tasks.o(i.prvAddNewTaskToReadyList)
    i.prvCheckTasksWaitingTermination        0x08003ddc   Section        0  tasks.o(i.prvCheckTasksWaitingTermination)
    prvCheckTasksWaitingTermination          0x08003ddd   Thumb Code    70  tasks.o(i.prvCheckTasksWaitingTermination)
    i.prvDeleteTCB                           0x08003e2c   Section        0  tasks.o(i.prvDeleteTCB)
    prvDeleteTCB                             0x08003e2d   Thumb Code    20  tasks.o(i.prvDeleteTCB)
    i.prvHeapInit                            0x08003e40   Section        0  heap_4.o(i.prvHeapInit)
    prvHeapInit                              0x08003e41   Thumb Code    66  heap_4.o(i.prvHeapInit)
    i.prvIdleTask                            0x08003e8c   Section        0  tasks.o(i.prvIdleTask)
    prvIdleTask                              0x08003e8d   Thumb Code    30  tasks.o(i.prvIdleTask)
    i.prvInitialiseNewTask                   0x08003eb4   Section        0  tasks.o(i.prvInitialiseNewTask)
    prvInitialiseNewTask                     0x08003eb5   Thumb Code   142  tasks.o(i.prvInitialiseNewTask)
    i.prvInsertBlockIntoFreeList             0x08003f44   Section        0  heap_4.o(i.prvInsertBlockIntoFreeList)
    prvInsertBlockIntoFreeList               0x08003f45   Thumb Code    72  heap_4.o(i.prvInsertBlockIntoFreeList)
    i.prvResetNextTaskUnblockTime            0x08003f90   Section        0  tasks.o(i.prvResetNextTaskUnblockTime)
    prvResetNextTaskUnblockTime              0x08003f91   Thumb Code    26  tasks.o(i.prvResetNextTaskUnblockTime)
    i.prvTaskExitError                       0x08003fb0   Section        0  port.o(i.prvTaskExitError)
    prvTaskExitError                         0x08003fb1   Thumb Code    36  port.o(i.prvTaskExitError)
    i.pvPortMalloc                           0x08003fd8   Section        0  heap_4.o(i.pvPortMalloc)
    i.pxPortInitialiseStack                  0x080040b0   Section        0  port.o(i.pxPortInitialiseStack)
    i.startTarea2                            0x080040dc   Section        0  main.o(i.startTarea2)
    i.startTarea4                            0x08004134   Section        0  main.o(i.startTarea4)
    i.startTarea5                            0x0800420c   Section        0  main.o(i.startTarea5)
    i.uxListRemove                           0x080042b8   Section        0  list.o(i.uxListRemove)
    i.vListInitialise                        0x080042dc   Section        0  list.o(i.vListInitialise)
    i.vListInitialiseItem                    0x080042f2   Section        0  list.o(i.vListInitialiseItem)
    i.vListInsert                            0x080042f8   Section        0  list.o(i.vListInsert)
    i.vListInsertEnd                         0x08004328   Section        0  list.o(i.vListInsertEnd)
    i.vPortEnterCritical                     0x08004340   Section        0  port.o(i.vPortEnterCritical)
    i.vPortExitCritical                      0x08004380   Section        0  port.o(i.vPortExitCritical)
    i.vPortFree                              0x080043a8   Section        0  heap_4.o(i.vPortFree)
    i.vPortSetupTimerInterrupt               0x08004404   Section        0  port.o(i.vPortSetupTimerInterrupt)
    i.vTaskDelayUntil                        0x08004424   Section        0  tasks.o(i.vTaskDelayUntil)
    i.vTaskStartScheduler                    0x080044b0   Section        0  tasks.o(i.vTaskStartScheduler)
    i.vTaskSuspendAll                        0x08004518   Section        0  tasks.o(i.vTaskSuspendAll)
    i.vTaskSwitchContext                     0x08004528   Section        0  tasks.o(i.vTaskSwitchContext)
    i.xPortStartScheduler                    0x08004584   Section        0  port.o(i.xPortStartScheduler)
    i.xQueueGenericCreate                    0x08004664   Section        0  queue.o(i.xQueueGenericCreate)
    i.xQueueGenericReset                     0x080046ac   Section        0  queue.o(i.xQueueGenericReset)
    i.xTaskCreate                            0x08004734   Section        0  tasks.o(i.xTaskCreate)
    i.xTaskGetTickCount                      0x0800478c   Section        0  tasks.o(i.xTaskGetTickCount)
    i.xTaskIncrementTick                     0x08004798   Section        0  tasks.o(i.xTaskIncrementTick)
    i.xTaskRemoveFromEventList               0x08004860   Section        0  tasks.o(i.xTaskRemoveFromEventList)
    i.xTaskResumeAll                         0x080048d4   Section        0  tasks.o(i.xTaskResumeAll)
    .constdata                               0x08004998   Section       16  system_stm32f4xx.o(.constdata)
    .constdata                               0x080049a8   Section        8  system_stm32f4xx.o(.constdata)
    .constdata                               0x080049b0   Section      152  atan.o(.constdata)
    atanhi                                   0x080049b0   Data          32  atan.o(.constdata)
    atanlo                                   0x080049d0   Data          32  atan.o(.constdata)
    aTodd                                    0x080049f0   Data          40  atan.o(.constdata)
    aTeven                                   0x08004a18   Data          48  atan.o(.constdata)
    .constdata                               0x08004a48   Section        8  qnan.o(.constdata)
    .data                                    0x20000000   Section       96  main.o(.data)
    .data                                    0x20000060   Section        4  spi.o(.data)
    .data                                    0x20000064   Section        4  system_stm32f4xx.o(.data)
    .data                                    0x20000068   Section       12  stm32f4xx_hal.o(.data)
    .data                                    0x20000074   Section       60  tasks.o(.data)
    uxDeletedTasksWaitingCleanUp             0x20000078   Data           4  tasks.o(.data)
    uxCurrentNumberOfTasks                   0x2000007c   Data           4  tasks.o(.data)
    xTickCount                               0x20000080   Data           4  tasks.o(.data)
    uxTopReadyPriority                       0x20000084   Data           4  tasks.o(.data)
    xSchedulerRunning                        0x20000088   Data           4  tasks.o(.data)
    uxPendedTicks                            0x2000008c   Data           4  tasks.o(.data)
    xYieldPending                            0x20000090   Data           4  tasks.o(.data)
    xNumOfOverflows                          0x20000094   Data           4  tasks.o(.data)
    uxTaskNumber                             0x20000098   Data           4  tasks.o(.data)
    xNextTaskUnblockTime                     0x2000009c   Data           4  tasks.o(.data)
    xIdleTaskHandle                          0x200000a0   Data           4  tasks.o(.data)
    uxSchedulerSuspended                     0x200000a4   Data           4  tasks.o(.data)
    pxDelayedTaskList                        0x200000a8   Data           4  tasks.o(.data)
    pxOverflowDelayedTaskList                0x200000ac   Data           4  tasks.o(.data)
    .data                                    0x200000b0   Section       24  heap_4.o(.data)
    pxEnd                                    0x200000b0   Data           4  heap_4.o(.data)
    xFreeBytesRemaining                      0x200000b4   Data           4  heap_4.o(.data)
    xMinimumEverFreeBytesRemaining           0x200000b8   Data           4  heap_4.o(.data)
    xBlockAllocatedBit                       0x200000bc   Data           4  heap_4.o(.data)
    xStart                                   0x200000c0   Data           8  heap_4.o(.data)
    .data                                    0x200000c8   Section       12  port.o(.data)
    ucMaxSysCallPriority                     0x200000c8   Data           1  port.o(.data)
    uxCriticalNesting                        0x200000cc   Data           4  port.o(.data)
    ulMaxPRIGROUPValue                       0x200000d0   Data           4  port.o(.data)
    .data                                    0x200000d4   Section        4  errno.o(.data)
    _errno                                   0x200000d4   Data           4  errno.o(.data)
    .bss                                     0x200000d8   Section      216  adc.o(.bss)
    .bss                                     0x200001b0   Section       40  can.o(.bss)
    .bss                                     0x200001d8   Section       84  i2c.o(.bss)
    .bss                                     0x2000022c   Section       88  spi.o(.bss)
    .bss                                     0x20000284   Section       60  stm32f4xx_hal_timebase_tim.o(.bss)
    .bss                                     0x200002c0   Section      240  tasks.o(.bss)
    pxReadyTasksLists                        0x200002c0   Data         140  tasks.o(.bss)
    xDelayedTaskList1                        0x2000034c   Data          20  tasks.o(.bss)
    xDelayedTaskList2                        0x20000360   Data          20  tasks.o(.bss)
    xPendingReadyList                        0x20000374   Data          20  tasks.o(.bss)
    xTasksWaitingTermination                 0x20000388   Data          20  tasks.o(.bss)
    xSuspendedTaskList                       0x2000039c   Data          20  tasks.o(.bss)
    .bss                                     0x200003b0   Section    15360  heap_4.o(.bss)
    ucHeap                                   0x200003b0   Data       15360  heap_4.o(.bss)
    STACK                                    0x20003fb0   Section     1024  startup_stm32f407xx.o(STACK)

    Global Symbols

    Symbol Name                              Value     Ov Type        Size  Object(Section)

    BuildAttributes$$THM_ISAv4$E$P$D$K$B$S$7EM$VFPi3$EXTD16$VFPS$VFMA$PE$A:L22UL41UL21$X:L11$S22US41US21$IEEE1$IW$USESV6$~STKCKD$USESV7$~SHL$OTIME$ROPI$IEEEX$EBA8$MICROLIB$REQ8$PRES8$EABIv2 0x00000000   Number         0  anon$$obj.o ABSOLUTE
    __ARM_use_no_argv                        0x00000000   Number         0  main.o ABSOLUTE
    __cpp_initialize__aeabi_                  - Undefined Weak Reference
    __cxa_finalize                            - Undefined Weak Reference
    __decompress                              - Undefined Weak Reference
    _clock_init                               - Undefined Weak Reference
    _microlib_exit                            - Undefined Weak Reference
    __Vectors_Size                           0x00000188   Number         0  startup_stm32f407xx.o ABSOLUTE
    __Vectors                                0x08000000   Data           4  startup_stm32f407xx.o(RESET)
    __Vectors_End                            0x08000188   Data           0  startup_stm32f407xx.o(RESET)
    __main                                   0x08000189   Thumb Code     0  entry.o(.ARM.Collect$$$$00000000)
    _main_stk                                0x08000189   Thumb Code     0  entry2.o(.ARM.Collect$$$$00000001)
    _main_scatterload                        0x0800018d   Thumb Code     0  entry5.o(.ARM.Collect$$$$00000004)
    __main_after_scatterload                 0x08000191   Thumb Code     0  entry5.o(.ARM.Collect$$$$00000004)
    _main_clock                              0x08000191   Thumb Code     0  entry7b.o(.ARM.Collect$$$$00000008)
    _main_cpp_init                           0x08000191   Thumb Code     0  entry8b.o(.ARM.Collect$$$$0000000A)
    _main_init                               0x08000191   Thumb Code     0  entry9a.o(.ARM.Collect$$$$0000000B)
    __rt_final_cpp                           0x08000199   Thumb Code     0  entry10a.o(.ARM.Collect$$$$0000000D)
    __rt_final_exit                          0x08000199   Thumb Code     0  entry11a.o(.ARM.Collect$$$$0000000F)
    SVC_Handler                              0x0800019d   Thumb Code    28  port.o(.emb_text)
    __asm___6_port_c_39a90d8d__prvStartFirstTask 0x080001bd   Thumb Code    28  port.o(.emb_text)
    __asm___6_port_c_39a90d8d__prvEnableVFP  0x080001dd   Thumb Code    16  port.o(.emb_text)
    PendSV_Handler                           0x080001f1   Thumb Code    92  port.o(.emb_text)
    vPortGetIPSR                             0x08000251   Thumb Code     6  port.o(.emb_text)
    Reset_Handler                            0x08000259   Thumb Code     8  startup_stm32f407xx.o(.text)
    ADC_IRQHandler                           0x08000273   Thumb Code     0  startup_stm32f407xx.o(.text)
    CAN1_RX1_IRQHandler                      0x08000273   Thumb Code     0  startup_stm32f407xx.o(.text)
    CAN1_SCE_IRQHandler                      0x08000273   Thumb Code     0  startup_stm32f407xx.o(.text)
    CAN1_TX_IRQHandler                       0x08000273   Thumb Code     0  startup_stm32f407xx.o(.text)
    CAN2_RX0_IRQHandler                      0x08000273   Thumb Code     0  startup_stm32f407xx.o(.text)
    CAN2_RX1_IRQHandler                      0x08000273   Thumb Code     0  startup_stm32f407xx.o(.text)
    CAN2_SCE_IRQHandler                      0x08000273   Thumb Code     0  startup_stm32f407xx.o(.text)
    CAN2_TX_IRQHandler                       0x08000273   Thumb Code     0  startup_stm32f407xx.o(.text)
    DCMI_IRQHandler                          0x08000273   Thumb Code     0  startup_stm32f407xx.o(.text)
    DMA1_Stream0_IRQHandler                  0x08000273   Thumb Code     0  startup_stm32f407xx.o(.text)
    DMA1_Stream1_IRQHandler                  0x08000273   Thumb Code     0  startup_stm32f407xx.o(.text)
    DMA1_Stream2_IRQHandler                  0x08000273   Thumb Code     0  startup_stm32f407xx.o(.text)
    DMA1_Stream3_IRQHandler                  0x08000273   Thumb Code     0  startup_stm32f407xx.o(.text)
    DMA1_Stream4_IRQHandler                  0x08000273   Thumb Code     0  startup_stm32f407xx.o(.text)
    DMA1_Stream5_IRQHandler                  0x08000273   Thumb Code     0  startup_stm32f407xx.o(.text)
    DMA1_Stream6_IRQHandler                  0x08000273   Thumb Code     0  startup_stm32f407xx.o(.text)
    DMA1_Stream7_IRQHandler                  0x08000273   Thumb Code     0  startup_stm32f407xx.o(.text)
    DMA2_Stream0_IRQHandler                  0x08000273   Thumb Code     0  startup_stm32f407xx.o(.text)
    DMA2_Stream1_IRQHandler                  0x08000273   Thumb Code     0  startup_stm32f407xx.o(.text)
    DMA2_Stream2_IRQHandler                  0x08000273   Thumb Code     0  startup_stm32f407xx.o(.text)
    DMA2_Stream3_IRQHandler                  0x08000273   Thumb Code     0  startup_stm32f407xx.o(.text)
    DMA2_Stream4_IRQHandler                  0x08000273   Thumb Code     0  startup_stm32f407xx.o(.text)
    DMA2_Stream5_IRQHandler                  0x08000273   Thumb Code     0  startup_stm32f407xx.o(.text)
    DMA2_Stream6_IRQHandler                  0x08000273   Thumb Code     0  startup_stm32f407xx.o(.text)
    DMA2_Stream7_IRQHandler                  0x08000273   Thumb Code     0  startup_stm32f407xx.o(.text)
    ETH_IRQHandler                           0x08000273   Thumb Code     0  startup_stm32f407xx.o(.text)
    ETH_WKUP_IRQHandler                      0x08000273   Thumb Code     0  startup_stm32f407xx.o(.text)
    EXTI15_10_IRQHandler                     0x08000273   Thumb Code     0  startup_stm32f407xx.o(.text)
    EXTI1_IRQHandler                         0x08000273   Thumb Code     0  startup_stm32f407xx.o(.text)
    EXTI2_IRQHandler                         0x08000273   Thumb Code     0  startup_stm32f407xx.o(.text)
    EXTI4_IRQHandler                         0x08000273   Thumb Code     0  startup_stm32f407xx.o(.text)
    EXTI9_5_IRQHandler                       0x08000273   Thumb Code     0  startup_stm32f407xx.o(.text)
    FLASH_IRQHandler                         0x08000273   Thumb Code     0  startup_stm32f407xx.o(.text)
    FMC_IRQHandler                           0x08000273   Thumb Code     0  startup_stm32f407xx.o(.text)
    FPU_IRQHandler                           0x08000273   Thumb Code     0  startup_stm32f407xx.o(.text)
    HASH_RNG_IRQHandler                      0x08000273   Thumb Code     0  startup_stm32f407xx.o(.text)
    I2C1_ER_IRQHandler                       0x08000273   Thumb Code     0  startup_stm32f407xx.o(.text)
    I2C1_EV_IRQHandler                       0x08000273   Thumb Code     0  startup_stm32f407xx.o(.text)
    I2C2_ER_IRQHandler                       0x08000273   Thumb Code     0  startup_stm32f407xx.o(.text)
    I2C3_ER_IRQHandler                       0x08000273   Thumb Code     0  startup_stm32f407xx.o(.text)
    I2C3_EV_IRQHandler                       0x08000273   Thumb Code     0  startup_stm32f407xx.o(.text)
    OTG_FS_IRQHandler                        0x08000273   Thumb Code     0  startup_stm32f407xx.o(.text)
    OTG_FS_WKUP_IRQHandler                   0x08000273   Thumb Code     0  startup_stm32f407xx.o(.text)
    OTG_HS_EP1_IN_IRQHandler                 0x08000273   Thumb Code     0  startup_stm32f407xx.o(.text)
    OTG_HS_EP1_OUT_IRQHandler                0x08000273   Thumb Code     0  startup_stm32f407xx.o(.text)
    OTG_HS_IRQHandler                        0x08000273   Thumb Code     0  startup_stm32f407xx.o(.text)
    OTG_HS_WKUP_IRQHandler                   0x08000273   Thumb Code     0  startup_stm32f407xx.o(.text)
    PVD_IRQHandler                           0x08000273   Thumb Code     0  startup_stm32f407xx.o(.text)
    RCC_IRQHandler                           0x08000273   Thumb Code     0  startup_stm32f407xx.o(.text)
    RTC_Alarm_IRQHandler                     0x08000273   Thumb Code     0  startup_stm32f407xx.o(.text)
    RTC_WKUP_IRQHandler                      0x08000273   Thumb Code     0  startup_stm32f407xx.o(.text)
    SDIO_IRQHandler                          0x08000273   Thumb Code     0  startup_stm32f407xx.o(.text)
    SPI1_IRQHandler                          0x08000273   Thumb Code     0  startup_stm32f407xx.o(.text)
    SPI2_IRQHandler                          0x08000273   Thumb Code     0  startup_stm32f407xx.o(.text)
    SPI3_IRQHandler                          0x08000273   Thumb Code     0  startup_stm32f407xx.o(.text)
    TAMP_STAMP_IRQHandler                    0x08000273   Thumb Code     0  startup_stm32f407xx.o(.text)
    TIM1_BRK_TIM9_IRQHandler                 0x08000273   Thumb Code     0  startup_stm32f407xx.o(.text)
    TIM1_CC_IRQHandler                       0x08000273   Thumb Code     0  startup_stm32f407xx.o(.text)
    TIM1_TRG_COM_TIM11_IRQHandler            0x08000273   Thumb Code     0  startup_stm32f407xx.o(.text)
    TIM2_IRQHandler                          0x08000273   Thumb Code     0  startup_stm32f407xx.o(.text)
    TIM3_IRQHandler                          0x08000273   Thumb Code     0  startup_stm32f407xx.o(.text)
    TIM4_IRQHandler                          0x08000273   Thumb Code     0  startup_stm32f407xx.o(.text)
    TIM5_IRQHandler                          0x08000273   Thumb Code     0  startup_stm32f407xx.o(.text)
    TIM6_DAC_IRQHandler                      0x08000273   Thumb Code     0  startup_stm32f407xx.o(.text)
    TIM7_IRQHandler                          0x08000273   Thumb Code     0  startup_stm32f407xx.o(.text)
    TIM8_BRK_TIM12_IRQHandler                0x08000273   Thumb Code     0  startup_stm32f407xx.o(.text)
    TIM8_CC_IRQHandler                       0x08000273   Thumb Code     0  startup_stm32f407xx.o(.text)
    TIM8_TRG_COM_TIM14_IRQHandler            0x08000273   Thumb Code     0  startup_stm32f407xx.o(.text)
    TIM8_UP_TIM13_IRQHandler                 0x08000273   Thumb Code     0  startup_stm32f407xx.o(.text)
    UART4_IRQHandler                         0x08000273   Thumb Code     0  startup_stm32f407xx.o(.text)
    UART5_IRQHandler                         0x08000273   Thumb Code     0  startup_stm32f407xx.o(.text)
    USART1_IRQHandler                        0x08000273   Thumb Code     0  startup_stm32f407xx.o(.text)
    USART2_IRQHandler                        0x08000273   Thumb Code     0  startup_stm32f407xx.o(.text)
    USART3_IRQHandler                        0x08000273   Thumb Code     0  startup_stm32f407xx.o(.text)
    USART6_IRQHandler                        0x08000273   Thumb Code     0  startup_stm32f407xx.o(.text)
    WWDG_IRQHandler                          0x08000273   Thumb Code     0  startup_stm32f407xx.o(.text)
    __aeabi_uldivmod                         0x0800027d   Thumb Code    98  uldiv.o(.text)
    __aeabi_memset                           0x080002df   Thumb Code    14  memseta.o(.text)
    __aeabi_memset4                          0x080002df   Thumb Code     0  memseta.o(.text)
    __aeabi_memset8                          0x080002df   Thumb Code     0  memseta.o(.text)
    __aeabi_memclr                           0x080002ed   Thumb Code     4  memseta.o(.text)
    __aeabi_memclr4                          0x080002ed   Thumb Code     0  memseta.o(.text)
    __aeabi_memclr8                          0x080002ed   Thumb Code     0  memseta.o(.text)
    _memset$wrapper                          0x080002f1   Thumb Code    18  memseta.o(.text)
    __aeabi_dadd                             0x08000303   Thumb Code   322  dadd.o(.text)
    __aeabi_dsub                             0x08000445   Thumb Code     6  dadd.o(.text)
    __aeabi_drsub                            0x0800044b   Thumb Code     6  dadd.o(.text)
    __aeabi_dmul                             0x08000451   Thumb Code   228  dmul.o(.text)
    __aeabi_ddiv                             0x08000535   Thumb Code   222  ddiv.o(.text)
    __aeabi_i2d                              0x08000613   Thumb Code    34  dflti.o(.text)
    __aeabi_cdcmpeq                          0x08000635   Thumb Code     0  cdcmple.o(.text)
    __aeabi_cdcmple                          0x08000635   Thumb Code    48  cdcmple.o(.text)
    __aeabi_cdrcmple                         0x08000665   Thumb Code    48  cdrcmple.o(.text)
    __aeabi_llsl                             0x08000695   Thumb Code    30  llshl.o(.text)
    _ll_shift_l                              0x08000695   Thumb Code     0  llshl.o(.text)
    __aeabi_llsr                             0x080006b3   Thumb Code    32  llushr.o(.text)
    _ll_ushift_r                             0x080006b3   Thumb Code     0  llushr.o(.text)
    __aeabi_lasr                             0x080006d3   Thumb Code    36  llsshr.o(.text)
    _ll_sshift_r                             0x080006d3   Thumb Code     0  llsshr.o(.text)
    __I$use$fp                               0x080006f7   Thumb Code     0  iusefp.o(.text)
    _double_round                            0x080006f7   Thumb Code    30  depilogue.o(.text)
    _double_epilogue                         0x08000715   Thumb Code   156  depilogue.o(.text)
    _dsqrt                                   0x080007b1   Thumb Code   162  dsqrt.o(.text)
    __scatterload                            0x08000855   Thumb Code    28  init.o(.text)
    __scatterload_rt2                        0x08000855   Thumb Code     0  init.o(.text)
    BusFault_Handler                         0x0800099d   Thumb Code     2  stm32f4xx_it.o(i.BusFault_Handler)
    CAN1_RX0_IRQHandler                      0x080009a1   Thumb Code     6  stm32f4xx_it.o(i.CAN1_RX0_IRQHandler)
    Calculate_RotationX                      0x080009ad   Thumb Code   118  main.o(i.Calculate_RotationX)
    Calculate_RotationY                      0x08000a39   Thumb Code   118  main.o(i.Calculate_RotationY)
    DebugMon_Handler                         0x08000ac5   Thumb Code     2  stm32f4xx_it.o(i.DebugMon_Handler)
    EXTI0_IRQHandler                         0x08000ac7   Thumb Code     6  stm32f4xx_it.o(i.EXTI0_IRQHandler)
    EXTI3_IRQHandler                         0x08000acd   Thumb Code     6  stm32f4xx_it.o(i.EXTI3_IRQHandler)
    Error_Handler                            0x08000ad3   Thumb Code     2  main.o(i.Error_Handler)
    HAL_ADC_ConfigChannel                    0x08000ad5   Thumb Code   316  stm32f4xx_hal_adc.o(i.HAL_ADC_ConfigChannel)
    HAL_ADC_GetValue                         0x08000c21   Thumb Code     6  stm32f4xx_hal_adc.o(i.HAL_ADC_GetValue)
    HAL_ADC_Init                             0x08000c27   Thumb Code    84  stm32f4xx_hal_adc.o(i.HAL_ADC_Init)
    HAL_ADC_MspInit                          0x08000c7d   Thumb Code   210  adc.o(i.HAL_ADC_MspInit)
    HAL_ADC_PollForConversion                0x08000d69   Thumb Code   162  stm32f4xx_hal_adc.o(i.HAL_ADC_PollForConversion)
    HAL_ADC_Start                            0x08000e0d   Thumb Code   170  stm32f4xx_hal_adc.o(i.HAL_ADC_Start)
    HAL_CAN_ErrorCallback                    0x08000ec9   Thumb Code     2  stm32f4xx_hal_can.o(i.HAL_CAN_ErrorCallback)
    HAL_CAN_IRQHandler                       0x08000ecb   Thumb Code   508  stm32f4xx_hal_can.o(i.HAL_CAN_IRQHandler)
    HAL_CAN_Init                             0x080010c7   Thumb Code   282  stm32f4xx_hal_can.o(i.HAL_CAN_Init)
    HAL_CAN_MspInit                          0x080011e1   Thumb Code   110  can.o(i.HAL_CAN_MspInit)
    HAL_CAN_RxFifo0FullCallback              0x0800125d   Thumb Code     2  stm32f4xx_hal_can.o(i.HAL_CAN_RxFifo0FullCallback)
    HAL_CAN_RxFifo0MsgPendingCallback        0x0800125f   Thumb Code     2  stm32f4xx_hal_can.o(i.HAL_CAN_RxFifo0MsgPendingCallback)
    HAL_CAN_RxFifo1FullCallback              0x08001261   Thumb Code     2  stm32f4xx_hal_can.o(i.HAL_CAN_RxFifo1FullCallback)
    HAL_CAN_RxFifo1MsgPendingCallback        0x08001263   Thumb Code     2  stm32f4xx_hal_can.o(i.HAL_CAN_RxFifo1MsgPendingCallback)
    HAL_CAN_SleepCallback                    0x08001265   Thumb Code     2  stm32f4xx_hal_can.o(i.HAL_CAN_SleepCallback)
    HAL_CAN_TxMailbox0AbortCallback          0x08001267   Thumb Code     2  stm32f4xx_hal_can.o(i.HAL_CAN_TxMailbox0AbortCallback)
    HAL_CAN_TxMailbox0CompleteCallback       0x08001269   Thumb Code     2  stm32f4xx_hal_can.o(i.HAL_CAN_TxMailbox0CompleteCallback)
    HAL_CAN_TxMailbox1AbortCallback          0x0800126b   Thumb Code     2  stm32f4xx_hal_can.o(i.HAL_CAN_TxMailbox1AbortCallback)
    HAL_CAN_TxMailbox1CompleteCallback       0x0800126d   Thumb Code     2  stm32f4xx_hal_can.o(i.HAL_CAN_TxMailbox1CompleteCallback)
    HAL_CAN_TxMailbox2AbortCallback          0x0800126f   Thumb Code     2  stm32f4xx_hal_can.o(i.HAL_CAN_TxMailbox2AbortCallback)
    HAL_CAN_TxMailbox2CompleteCallback       0x08001271   Thumb Code     2  stm32f4xx_hal_can.o(i.HAL_CAN_TxMailbox2CompleteCallback)
    HAL_CAN_WakeUpFromRxMsgCallback          0x08001273   Thumb Code     2  stm32f4xx_hal_can.o(i.HAL_CAN_WakeUpFromRxMsgCallback)
    HAL_DMA_Abort_IT                         0x08001275   Thumb Code    36  stm32f4xx_hal_dma.o(i.HAL_DMA_Abort_IT)
    HAL_GPIO_EXTI_Callback                   0x08001299   Thumb Code     2  stm32f4xx_it.o(i.HAL_GPIO_EXTI_Callback)
    HAL_GPIO_EXTI_IRQHandler                 0x0800129d   Thumb Code    18  stm32f4xx_hal_gpio.o(i.HAL_GPIO_EXTI_IRQHandler)
    HAL_GPIO_Init                            0x080012b5   Thumb Code   388  stm32f4xx_hal_gpio.o(i.HAL_GPIO_Init)
    HAL_GPIO_TogglePin                       0x08001465   Thumb Code     8  stm32f4xx_hal_gpio.o(i.HAL_GPIO_TogglePin)
    HAL_GPIO_WritePin                        0x0800146d   Thumb Code    10  stm32f4xx_hal_gpio.o(i.HAL_GPIO_WritePin)
    HAL_GetTick                              0x08001479   Thumb Code     6  stm32f4xx_hal.o(i.HAL_GetTick)
    HAL_I2C_AbortCpltCallback                0x08001485   Thumb Code     2  stm32f4xx_hal_i2c.o(i.HAL_I2C_AbortCpltCallback)
    HAL_I2C_AddrCallback                     0x08001487   Thumb Code     2  stm32f4xx_hal_i2c.o(i.HAL_I2C_AddrCallback)
    HAL_I2C_EV_IRQHandler                    0x08001489   Thumb Code   486  stm32f4xx_hal_i2c.o(i.HAL_I2C_EV_IRQHandler)
    HAL_I2C_ErrorCallback                    0x08001679   Thumb Code     2  stm32f4xx_hal_i2c.o(i.HAL_I2C_ErrorCallback)
    HAL_I2C_Init                             0x0800167d   Thumb Code   254  stm32f4xx_hal_i2c.o(i.HAL_I2C_Init)
    HAL_I2C_ListenCpltCallback               0x08001785   Thumb Code     2  stm32f4xx_hal_i2c.o(i.HAL_I2C_ListenCpltCallback)
    HAL_I2C_MasterRxCpltCallback             0x08001787   Thumb Code     2  stm32f4xx_hal_i2c.o(i.HAL_I2C_MasterRxCpltCallback)
    HAL_I2C_MasterTxCpltCallback             0x08001789   Thumb Code     2  stm32f4xx_hal_i2c.o(i.HAL_I2C_MasterTxCpltCallback)
    HAL_I2C_MemRxCpltCallback                0x0800178b   Thumb Code     2  stm32f4xx_hal_i2c.o(i.HAL_I2C_MemRxCpltCallback)
    HAL_I2C_MemTxCpltCallback                0x0800178d   Thumb Code     2  stm32f4xx_hal_i2c.o(i.HAL_I2C_MemTxCpltCallback)
    HAL_I2C_MspInit                          0x08001791   Thumb Code   110  i2c.o(i.HAL_I2C_MspInit)
    HAL_I2C_SlaveRxCpltCallback              0x0800180d   Thumb Code     2  stm32f4xx_hal_i2c.o(i.HAL_I2C_SlaveRxCpltCallback)
    HAL_I2C_SlaveTxCpltCallback              0x0800180f   Thumb Code     2  stm32f4xx_hal_i2c.o(i.HAL_I2C_SlaveTxCpltCallback)
    HAL_IncTick                              0x08001811   Thumb Code    12  stm32f4xx_hal.o(i.HAL_IncTick)
    HAL_Init                                 0x08001821   Thumb Code    48  stm32f4xx_hal.o(i.HAL_Init)
    HAL_InitTick                             0x08001855   Thumb Code   100  stm32f4xx_hal_timebase_tim.o(i.HAL_InitTick)
    HAL_MspInit                              0x080018c9   Thumb Code    52  stm32f4xx_hal_msp.o(i.HAL_MspInit)
    HAL_NVIC_EnableIRQ                       0x08001901   Thumb Code    22  stm32f4xx_hal_cortex.o(i.HAL_NVIC_EnableIRQ)
    HAL_NVIC_SetPriority                     0x08001919   Thumb Code    60  stm32f4xx_hal_cortex.o(i.HAL_NVIC_SetPriority)
    HAL_NVIC_SetPriorityGrouping             0x08001959   Thumb Code    26  stm32f4xx_hal_cortex.o(i.HAL_NVIC_SetPriorityGrouping)
    HAL_RCC_ClockConfig                      0x0800197d   Thumb Code   286  stm32f4xx_hal_rcc.o(i.HAL_RCC_ClockConfig)
    HAL_RCC_GetClockConfig                   0x08001aad   Thumb Code    54  stm32f4xx_hal_rcc.o(i.HAL_RCC_GetClockConfig)
    HAL_RCC_GetPCLK1Freq                     0x08001aed   Thumb Code    20  stm32f4xx_hal_rcc.o(i.HAL_RCC_GetPCLK1Freq)
    HAL_RCC_GetPCLK2Freq                     0x08001b0d   Thumb Code    20  stm32f4xx_hal_rcc.o(i.HAL_RCC_GetPCLK2Freq)
    HAL_RCC_GetSysClockFreq                  0x08001b2d   Thumb Code    88  stm32f4xx_hal_rcc.o(i.HAL_RCC_GetSysClockFreq)
    HAL_RCC_OscConfig                        0x08001b8d   Thumb Code   770  stm32f4xx_hal_rcc.o(i.HAL_RCC_OscConfig)
    HAL_SPI_Init                             0x08001ea9   Thumb Code   128  stm32f4xx_hal_spi.o(i.HAL_SPI_Init)
    HAL_SPI_MspInit                          0x08001f29   Thumb Code    92  spi.o(i.HAL_SPI_MspInit)
    HAL_SPI_Receive                          0x08001f91   Thumb Code   336  stm32f4xx_hal_spi.o(i.HAL_SPI_Receive)
    HAL_SPI_Transmit                         0x080020e1   Thumb Code   360  stm32f4xx_hal_spi.o(i.HAL_SPI_Transmit)
    HAL_SPI_TransmitReceive                  0x08002249   Thumb Code   472  stm32f4xx_hal_spi.o(i.HAL_SPI_TransmitReceive)
    HAL_TIMEx_BreakCallback                  0x08002421   Thumb Code     2  stm32f4xx_hal_tim_ex.o(i.HAL_TIMEx_BreakCallback)
    HAL_TIMEx_CommutationCallback            0x08002423   Thumb Code     2  stm32f4xx_hal_tim_ex.o(i.HAL_TIMEx_CommutationCallback)
    HAL_TIM_Base_Init                        0x08002425   Thumb Code    54  stm32f4xx_hal_tim.o(i.HAL_TIM_Base_Init)
    HAL_TIM_Base_MspInit                     0x0800245b   Thumb Code     2  stm32f4xx_hal_tim.o(i.HAL_TIM_Base_MspInit)
    HAL_TIM_Base_Start_IT                    0x0800245d   Thumb Code    24  stm32f4xx_hal_tim.o(i.HAL_TIM_Base_Start_IT)
    HAL_TIM_IC_CaptureCallback               0x08002475   Thumb Code     2  stm32f4xx_hal_tim.o(i.HAL_TIM_IC_CaptureCallback)
    HAL_TIM_IRQHandler                       0x08002477   Thumb Code   358  stm32f4xx_hal_tim.o(i.HAL_TIM_IRQHandler)
    HAL_TIM_OC_DelayElapsedCallback          0x080025dd   Thumb Code     2  stm32f4xx_hal_tim.o(i.HAL_TIM_OC_DelayElapsedCallback)
    HAL_TIM_PWM_PulseFinishedCallback        0x080025df   Thumb Code     2  stm32f4xx_hal_tim.o(i.HAL_TIM_PWM_PulseFinishedCallback)
    HAL_TIM_PeriodElapsedCallback            0x080025e1   Thumb Code    14  main.o(i.HAL_TIM_PeriodElapsedCallback)
    HAL_TIM_TriggerCallback                  0x080025f5   Thumb Code     2  stm32f4xx_hal_tim.o(i.HAL_TIM_TriggerCallback)
    HardFault_Handler                        0x080025f7   Thumb Code     2  stm32f4xx_it.o(i.HardFault_Handler)
    I2C2_EV_IRQHandler                       0x080025f9   Thumb Code     6  stm32f4xx_it.o(i.I2C2_EV_IRQHandler)
    Inicializa_Acelerometro                  0x08002c71   Thumb Code    98  spi.o(i.Inicializa_Acelerometro)
    MX_ADC1_Init                             0x08002ce1   Thumb Code    86  adc.o(i.MX_ADC1_Init)
    MX_ADC2_Init                             0x08002d45   Thumb Code    86  adc.o(i.MX_ADC2_Init)
    MX_ADC3_Init                             0x08002da9   Thumb Code    86  adc.o(i.MX_ADC3_Init)
    MX_CAN1_Init                             0x08002e0d   Thumb Code    60  can.o(i.MX_CAN1_Init)
    MX_GPIO_Init                             0x08002e51   Thumb Code   364  gpio.o(i.MX_GPIO_Init)
    MX_I2C2_Init                             0x08002fd9   Thumb Code    50  i2c.o(i.MX_I2C2_Init)
    MX_SPI1_Init                             0x08003019   Thumb Code    60  spi.o(i.MX_SPI1_Init)
    MemManage_Handler                        0x0800305d   Thumb Code     2  stm32f4xx_it.o(i.MemManage_Handler)
    NMI_Handler                              0x0800305f   Thumb Code     2  stm32f4xx_it.o(i.NMI_Handler)
    Obtain_Coordinates_XYZ                   0x08003081   Thumb Code   154  main.o(i.Obtain_Coordinates_XYZ)
    SPI_Read                                 0x08003149   Thumb Code    66  spi.o(i.SPI_Read)
    StartTarea1                              0x08003231   Thumb Code   134  main.o(i.StartTarea1)
    SysTick_Handler                          0x080032c1   Thumb Code    38  port.o(i.SysTick_Handler)
    SystemClock_Config                       0x080032ed   Thumb Code   126  main.o(i.SystemClock_Config)
    SystemInit                               0x08003375   Thumb Code    66  system_stm32f4xx.o(i.SystemInit)
    TIM1_UP_TIM10_IRQHandler                 0x080033c9   Thumb Code     6  stm32f4xx_it.o(i.TIM1_UP_TIM10_IRQHandler)
    TIM_Base_SetConfig                       0x080033d5   Thumb Code   148  stm32f4xx_hal_tim.o(i.TIM_Base_SetConfig)
    UsageFault_Handler                       0x08003495   Thumb Code     2  stm32f4xx_it.o(i.UsageFault_Handler)
    __ARM_fpclassify                         0x08003497   Thumb Code    48  fpclassify.o(i.__ARM_fpclassify)
    __hardfp_atan                            0x080034c9   Thumb Code   622  atan.o(i.__hardfp_atan)
    __hardfp_atan2                           0x080037a1   Thumb Code   432  atan2.o(i.__hardfp_atan2)
    __hardfp_sqrt                            0x08003991   Thumb Code   122  sqrt.o(i.__hardfp_sqrt)
    __kernel_poly                            0x08003a0b   Thumb Code   248  poly.o(i.__kernel_poly)
    __mathlib_dbl_infnan                     0x08003b03   Thumb Code    20  dunder.o(i.__mathlib_dbl_infnan)
    __mathlib_dbl_infnan2                    0x08003b17   Thumb Code    20  dunder.o(i.__mathlib_dbl_infnan2)
    __mathlib_dbl_underflow                  0x08003b31   Thumb Code    24  dunder.o(i.__mathlib_dbl_underflow)
    __scatterload_copy                       0x08003b51   Thumb Code    14  handlers.o(i.__scatterload_copy)
    __scatterload_null                       0x08003b5f   Thumb Code     2  handlers.o(i.__scatterload_null)
    __scatterload_zeroinit                   0x08003b61   Thumb Code    14  handlers.o(i.__scatterload_zeroinit)
    __set_errno                              0x08003b71   Thumb Code     6  errno.o(i.__set_errno)
    atan                                     0x08003b7d   Thumb Code    16  atan.o(i.atan)
    fabs                                     0x08003b8d   Thumb Code    24  fabs.o(i.fabs)
    main                                     0x08003ba5   Thumb Code   146  main.o(i.main)
    osKernelStart                            0x08003c91   Thumb Code    10  cmsis_os.o(i.osKernelStart)
    pvPortMalloc                             0x08003fd9   Thumb Code   210  heap_4.o(i.pvPortMalloc)
    pxPortInitialiseStack                    0x080040b1   Thumb Code    40  port.o(i.pxPortInitialiseStack)
    startTarea2                              0x080040dd   Thumb Code    78  main.o(i.startTarea2)
    startTarea4                              0x08004135   Thumb Code   188  main.o(i.startTarea4)
    startTarea5                              0x0800420d   Thumb Code   148  main.o(i.startTarea5)
    uxListRemove                             0x080042b9   Thumb Code    36  list.o(i.uxListRemove)
    vListInitialise                          0x080042dd   Thumb Code    22  list.o(i.vListInitialise)
    vListInitialiseItem                      0x080042f3   Thumb Code     6  list.o(i.vListInitialiseItem)
    vListInsert                              0x080042f9   Thumb Code    48  list.o(i.vListInsert)
    vListInsertEnd                           0x08004329   Thumb Code    24  list.o(i.vListInsertEnd)
    vPortEnterCritical                       0x08004341   Thumb Code    54  port.o(i.vPortEnterCritical)
    vPortExitCritical                        0x08004381   Thumb Code    34  port.o(i.vPortExitCritical)
    vPortFree                                0x080043a9   Thumb Code    88  heap_4.o(i.vPortFree)
    vPortSetupTimerInterrupt                 0x08004405   Thumb Code    26  port.o(i.vPortSetupTimerInterrupt)
    vTaskDelayUntil                          0x08004425   Thumb Code   132  tasks.o(i.vTaskDelayUntil)
    vTaskStartScheduler                      0x080044b1   Thumb Code    86  tasks.o(i.vTaskStartScheduler)
    vTaskSuspendAll                          0x08004519   Thumb Code    10  tasks.o(i.vTaskSuspendAll)
    vTaskSwitchContext                       0x08004529   Thumb Code    82  tasks.o(i.vTaskSwitchContext)
    xPortStartScheduler                      0x08004585   Thumb Code   202  port.o(i.xPortStartScheduler)
    xQueueGenericCreate                      0x08004665   Thumb Code    72  queue.o(i.xQueueGenericCreate)
    xQueueGenericReset                       0x080046ad   Thumb Code   132  queue.o(i.xQueueGenericReset)
    xTaskCreate                              0x08004735   Thumb Code    86  tasks.o(i.xTaskCreate)
    xTaskGetTickCount                        0x0800478d   Thumb Code     6  tasks.o(i.xTaskGetTickCount)
    xTaskIncrementTick                       0x08004799   Thumb Code   192  tasks.o(i.xTaskIncrementTick)
    xTaskRemoveFromEventList                 0x08004861   Thumb Code   108  tasks.o(i.xTaskRemoveFromEventList)
    xTaskResumeAll                           0x080048d5   Thumb Code   182  tasks.o(i.xTaskResumeAll)
    AHBPrescTable                            0x08004998   Data          16  system_stm32f4xx.o(.constdata)
    APBPrescTable                            0x080049a8   Data           8  system_stm32f4xx.o(.constdata)
    __mathlib_zero                           0x08004a48   Data           8  qnan.o(.constdata)
    Region$$Table$$Base                      0x08004a50   Number         0  anon$$obj.o(Region$$Table)
    Region$$Table$$Limit                     0x08004a70   Number         0  anon$$obj.o(Region$$Table)
    vibraciones                              0x20000000   Data           4  main.o(.data)
    ContTarea1                               0x20000004   Data           4  main.o(.data)
    altitud_objetivo                         0x20000008   Data           4  main.o(.data)
    xSemaphore                               0x2000000c   Data           4  main.o(.data)
    Altitud                                  0x20000010   Data           8  main.o(.data)
    RX                                       0x20000018   Data           8  main.o(.data)
    RY                                       0x20000020   Data           8  main.o(.data)
    lastaltitud                              0x20000028   Data           8  main.o(.data)
    lastX                                    0x20000030   Data           8  main.o(.data)
    lastY                                    0x20000038   Data           8  main.o(.data)
    debugX                                   0x20000040   Data           8  main.o(.data)
    X                                        0x20000048   Data           8  main.o(.data)
    Y                                        0x20000050   Data           8  main.o(.data)
    Z                                        0x20000058   Data           8  main.o(.data)
    spiTxBuf                                 0x20000060   Data           2  spi.o(.data)
    spiRxBuf                                 0x20000062   Data           2  spi.o(.data)
    SystemCoreClock                          0x20000064   Data           4  system_stm32f4xx.o(.data)
    uwTickFreq                               0x20000068   Data           1  stm32f4xx_hal.o(.data)
    uwTickPrio                               0x2000006c   Data           4  stm32f4xx_hal.o(.data)
    uwTick                                   0x20000070   Data           4  stm32f4xx_hal.o(.data)
    pxCurrentTCB                             0x20000074   Data           4  tasks.o(.data)
    hadc1                                    0x200000d8   Data          72  adc.o(.bss)
    hadc2                                    0x20000120   Data          72  adc.o(.bss)
    hadc3                                    0x20000168   Data          72  adc.o(.bss)
    hcan1                                    0x200001b0   Data          40  can.o(.bss)
    hi2c2                                    0x200001d8   Data          84  i2c.o(.bss)
    hspi1                                    0x2000022c   Data          88  spi.o(.bss)
    htim1                                    0x20000284   Data          60  stm32f4xx_hal_timebase_tim.o(.bss)
    __initial_sp                             0x200043b0   Data           0  startup_stm32f407xx.o(STACK)



==============================================================================

Memory Map of the image

  Image Entry point : 0x08000189

  Load Region LR_IROM1 (Base: 0x08000000, Size: 0x00004b48, Max: 0x00100000, ABSOLUTE)

    Execution Region ER_IROM1 (Exec base: 0x08000000, Load base: 0x08000000, Size: 0x00004a70, Max: 0x00100000, ABSOLUTE)

    Exec Addr    Load Addr    Size         Type   Attr      Idx    E Section Name        Object

    0x08000000   0x08000000   0x00000188   Data   RO            3    RESET               startup_stm32f407xx.o
    0x08000188   0x08000188   0x00000000   Code   RO         5003  * .ARM.Collect$$$$00000000  mc_w.l(entry.o)
    0x08000188   0x08000188   0x00000004   Code   RO         5061    .ARM.Collect$$$$00000001  mc_w.l(entry2.o)
    0x0800018c   0x0800018c   0x00000004   Code   RO         5064    .ARM.Collect$$$$00000004  mc_w.l(entry5.o)
    0x08000190   0x08000190   0x00000000   Code   RO         5066    .ARM.Collect$$$$00000008  mc_w.l(entry7b.o)
    0x08000190   0x08000190   0x00000000   Code   RO         5068    .ARM.Collect$$$$0000000A  mc_w.l(entry8b.o)
    0x08000190   0x08000190   0x00000008   Code   RO         5069    .ARM.Collect$$$$0000000B  mc_w.l(entry9a.o)
    0x08000198   0x08000198   0x00000000   Code   RO         5071    .ARM.Collect$$$$0000000D  mc_w.l(entry10a.o)
    0x08000198   0x08000198   0x00000000   Code   RO         5073    .ARM.Collect$$$$0000000F  mc_w.l(entry11a.o)
    0x08000198   0x08000198   0x00000004   Code   RO         5062    .ARM.Collect$$$$00002712  mc_w.l(entry2.o)
    0x0800019c   0x0800019c   0x000000ba   Code   RO         4902    .emb_text           port.o
    0x08000256   0x08000256   0x00000002   PAD
    0x08000258   0x08000258   0x00000024   Code   RO            4    .text               startup_stm32f407xx.o
    0x0800027c   0x0800027c   0x00000062   Code   RO         5006    .text               mc_w.l(uldiv.o)
    0x080002de   0x080002de   0x00000024   Code   RO         5010    .text               mc_w.l(memseta.o)
    0x08000302   0x08000302   0x0000014e   Code   RO         5014    .text               mf_w.l(dadd.o)
    0x08000450   0x08000450   0x000000e4   Code   RO         5016    .text               mf_w.l(dmul.o)
    0x08000534   0x08000534   0x000000de   Code   RO         5018    .text               mf_w.l(ddiv.o)
    0x08000612   0x08000612   0x00000022   Code   RO         5020    .text               mf_w.l(dflti.o)
    0x08000634   0x08000634   0x00000030   Code   RO         5022    .text               mf_w.l(cdcmple.o)
    0x08000664   0x08000664   0x00000030   Code   RO         5024    .text               mf_w.l(cdrcmple.o)
    0x08000694   0x08000694   0x0000001e   Code   RO         5075    .text               mc_w.l(llshl.o)
    0x080006b2   0x080006b2   0x00000020   Code   RO         5077    .text               mc_w.l(llushr.o)
    0x080006d2   0x080006d2   0x00000024   Code   RO         5079    .text               mc_w.l(llsshr.o)
    0x080006f6   0x080006f6   0x00000000   Code   RO         5088    .text               mc_w.l(iusefp.o)
    0x080006f6   0x080006f6   0x000000ba   Code   RO         5089    .text               mf_w.l(depilogue.o)
    0x080007b0   0x080007b0   0x000000a2   Code   RO         5093    .text               mf_w.l(dsqrt.o)
    0x08000852   0x08000852   0x00000002   PAD
    0x08000854   0x08000854   0x00000024   Code   RO         5099    .text               mc_w.l(init.o)
    0x08000878   0x08000878   0x00000124   Code   RO          747    i.ADC_Init          stm32f4xx_hal_adc.o
    0x0800099c   0x0800099c   0x00000002   Code   RO          549    i.BusFault_Handler  stm32f4xx_it.o
    0x0800099e   0x0800099e   0x00000002   PAD
    0x080009a0   0x080009a0   0x0000000c   Code   RO          550    i.CAN1_RX0_IRQHandler  stm32f4xx_it.o
    0x080009ac   0x080009ac   0x0000008c   Code   RO           13    i.Calculate_RotationX  main.o
    0x08000a38   0x08000a38   0x0000008c   Code   RO           14    i.Calculate_RotationY  main.o
    0x08000ac4   0x08000ac4   0x00000002   Code   RO          551    i.DebugMon_Handler  stm32f4xx_it.o
    0x08000ac6   0x08000ac6   0x00000006   Code   RO          552    i.EXTI0_IRQHandler  stm32f4xx_it.o
    0x08000acc   0x08000acc   0x00000006   Code   RO          553    i.EXTI3_IRQHandler  stm32f4xx_it.o
    0x08000ad2   0x08000ad2   0x00000002   Code   RO           15    i.Error_Handler     main.o
    0x08000ad4   0x08000ad4   0x0000014c   Code   RO          749    i.HAL_ADC_ConfigChannel  stm32f4xx_hal_adc.o
    0x08000c20   0x08000c20   0x00000006   Code   RO          756    i.HAL_ADC_GetValue  stm32f4xx_hal_adc.o
    0x08000c26   0x08000c26   0x00000054   Code   RO          758    i.HAL_ADC_Init      stm32f4xx_hal_adc.o
    0x08000c7a   0x08000c7a   0x00000002   PAD
    0x08000c7c   0x08000c7c   0x000000ec   Code   RO          315    i.HAL_ADC_MspInit   adc.o
    0x08000d68   0x08000d68   0x000000a2   Code   RO          762    i.HAL_ADC_PollForConversion  stm32f4xx_hal_adc.o
    0x08000e0a   0x08000e0a   0x00000002   PAD
    0x08000e0c   0x08000e0c   0x000000bc   Code   RO          764    i.HAL_ADC_Start     stm32f4xx_hal_adc.o
    0x08000ec8   0x08000ec8   0x00000002   Code   RO         2070    i.HAL_CAN_ErrorCallback  stm32f4xx_hal_can.o
    0x08000eca   0x08000eca   0x000001fc   Code   RO         2077    i.HAL_CAN_IRQHandler  stm32f4xx_hal_can.o
    0x080010c6   0x080010c6   0x0000011a   Code   RO         2078    i.HAL_CAN_Init      stm32f4xx_hal_can.o
    0x080011e0   0x080011e0   0x0000007c   Code   RO          369    i.HAL_CAN_MspInit   can.o
    0x0800125c   0x0800125c   0x00000002   Code   RO         2085    i.HAL_CAN_RxFifo0FullCallback  stm32f4xx_hal_can.o
    0x0800125e   0x0800125e   0x00000002   Code   RO         2086    i.HAL_CAN_RxFifo0MsgPendingCallback  stm32f4xx_hal_can.o
    0x08001260   0x08001260   0x00000002   Code   RO         2087    i.HAL_CAN_RxFifo1FullCallback  stm32f4xx_hal_can.o
    0x08001262   0x08001262   0x00000002   Code   RO         2088    i.HAL_CAN_RxFifo1MsgPendingCallback  stm32f4xx_hal_can.o
    0x08001264   0x08001264   0x00000002   Code   RO         2089    i.HAL_CAN_SleepCallback  stm32f4xx_hal_can.o
    0x08001266   0x08001266   0x00000002   Code   RO         2092    i.HAL_CAN_TxMailbox0AbortCallback  stm32f4xx_hal_can.o
    0x08001268   0x08001268   0x00000002   Code   RO         2093    i.HAL_CAN_TxMailbox0CompleteCallback  stm32f4xx_hal_can.o
    0x0800126a   0x0800126a   0x00000002   Code   RO         2094    i.HAL_CAN_TxMailbox1AbortCallback  stm32f4xx_hal_can.o
    0x0800126c   0x0800126c   0x00000002   Code   RO         2095    i.HAL_CAN_TxMailbox1CompleteCallback  stm32f4xx_hal_can.o
    0x0800126e   0x0800126e   0x00000002   Code   RO         2096    i.HAL_CAN_TxMailbox2AbortCallback  stm32f4xx_hal_can.o
    0x08001270   0x08001270   0x00000002   Code   RO         2097    i.HAL_CAN_TxMailbox2CompleteCallback  stm32f4xx_hal_can.o
    0x08001272   0x08001272   0x00000002   Code   RO         2099    i.HAL_CAN_WakeUpFromRxMsgCallback  stm32f4xx_hal_can.o
    0x08001274   0x08001274   0x00000024   Code   RO         1482    i.HAL_DMA_Abort_IT  stm32f4xx_hal_dma.o
    0x08001298   0x08001298   0x00000002   Code   RO          554    i.HAL_GPIO_EXTI_Callback  stm32f4xx_it.o
    0x0800129a   0x0800129a   0x00000002   PAD
    0x0800129c   0x0800129c   0x00000018   Code   RO         1373    i.HAL_GPIO_EXTI_IRQHandler  stm32f4xx_hal_gpio.o
    0x080012b4   0x080012b4   0x000001b0   Code   RO         1374    i.HAL_GPIO_Init     stm32f4xx_hal_gpio.o
    0x08001464   0x08001464   0x00000008   Code   RO         1377    i.HAL_GPIO_TogglePin  stm32f4xx_hal_gpio.o
    0x0800146c   0x0800146c   0x0000000a   Code   RO         1378    i.HAL_GPIO_WritePin  stm32f4xx_hal_gpio.o
    0x08001476   0x08001476   0x00000002   PAD
    0x08001478   0x08001478   0x0000000c   Code   RO         1906    i.HAL_GetTick       stm32f4xx_hal.o
    0x08001484   0x08001484   0x00000002   Code   RO         2298    i.HAL_I2C_AbortCpltCallback  stm32f4xx_hal_i2c.o
    0x08001486   0x08001486   0x00000002   Code   RO         2299    i.HAL_I2C_AddrCallback  stm32f4xx_hal_i2c.o
    0x08001488   0x08001488   0x000001f0   Code   RO         2303    i.HAL_I2C_EV_IRQHandler  stm32f4xx_hal_i2c.o
    0x08001678   0x08001678   0x00000002   Code   RO         2305    i.HAL_I2C_ErrorCallback  stm32f4xx_hal_i2c.o
    0x0800167a   0x0800167a   0x00000002   PAD
    0x0800167c   0x0800167c   0x00000108   Code   RO         2309    i.HAL_I2C_Init      stm32f4xx_hal_i2c.o
    0x08001784   0x08001784   0x00000002   Code   RO         2311    i.HAL_I2C_ListenCpltCallback  stm32f4xx_hal_i2c.o
    0x08001786   0x08001786   0x00000002   Code   RO         2312    i.HAL_I2C_MasterRxCpltCallback  stm32f4xx_hal_i2c.o
    0x08001788   0x08001788   0x00000002   Code   RO         2313    i.HAL_I2C_MasterTxCpltCallback  stm32f4xx_hal_i2c.o
    0x0800178a   0x0800178a   0x00000002   Code   RO         2323    i.HAL_I2C_MemRxCpltCallback  stm32f4xx_hal_i2c.o
    0x0800178c   0x0800178c   0x00000002   Code   RO         2324    i.HAL_I2C_MemTxCpltCallback  stm32f4xx_hal_i2c.o
    0x0800178e   0x0800178e   0x00000002   PAD
    0x08001790   0x08001790   0x0000007c   Code   RO          453    i.HAL_I2C_MspInit   i2c.o
    0x0800180c   0x0800180c   0x00000002   Code   RO         2333    i.HAL_I2C_SlaveRxCpltCallback  stm32f4xx_hal_i2c.o
    0x0800180e   0x0800180e   0x00000002   Code   RO         2334    i.HAL_I2C_SlaveTxCpltCallback  stm32f4xx_hal_i2c.o
    0x08001810   0x08001810   0x00000010   Code   RO         1910    i.HAL_IncTick       stm32f4xx_hal.o
    0x08001820   0x08001820   0x00000034   Code   RO         1911    i.HAL_Init          stm32f4xx_hal.o
    0x08001854   0x08001854   0x00000074   Code   RO          667    i.HAL_InitTick      stm32f4xx_hal_timebase_tim.o
    0x080018c8   0x080018c8   0x00000038   Code   RO          643    i.HAL_MspInit       stm32f4xx_hal_msp.o
    0x08001900   0x08001900   0x00000016   Code   RO         1763    i.HAL_NVIC_EnableIRQ  stm32f4xx_hal_cortex.o
    0x08001916   0x08001916   0x00000002   PAD
    0x08001918   0x08001918   0x00000040   Code   RO         1769    i.HAL_NVIC_SetPriority  stm32f4xx_hal_cortex.o
    0x08001958   0x08001958   0x00000024   Code   RO         1770    i.HAL_NVIC_SetPriorityGrouping  stm32f4xx_hal_cortex.o
    0x0800197c   0x0800197c   0x00000130   Code   RO         1020    i.HAL_RCC_ClockConfig  stm32f4xx_hal_rcc.o
    0x08001aac   0x08001aac   0x00000040   Code   RO         1024    i.HAL_RCC_GetClockConfig  stm32f4xx_hal_rcc.o
    0x08001aec   0x08001aec   0x00000020   Code   RO         1027    i.HAL_RCC_GetPCLK1Freq  stm32f4xx_hal_rcc.o
    0x08001b0c   0x08001b0c   0x00000020   Code   RO         1028    i.HAL_RCC_GetPCLK2Freq  stm32f4xx_hal_rcc.o
    0x08001b2c   0x08001b2c   0x00000060   Code   RO         1029    i.HAL_RCC_GetSysClockFreq  stm32f4xx_hal_rcc.o
    0x08001b8c   0x08001b8c   0x0000031c   Code   RO         1032    i.HAL_RCC_OscConfig  stm32f4xx_hal_rcc.o
    0x08001ea8   0x08001ea8   0x00000080   Code   RO         2725    i.HAL_SPI_Init      stm32f4xx_hal_spi.o
    0x08001f28   0x08001f28   0x00000068   Code   RO          495    i.HAL_SPI_MspInit   spi.o
    0x08001f90   0x08001f90   0x00000150   Code   RO         2728    i.HAL_SPI_Receive   stm32f4xx_hal_spi.o
    0x080020e0   0x080020e0   0x00000168   Code   RO         2733    i.HAL_SPI_Transmit  stm32f4xx_hal_spi.o
    0x08002248   0x08002248   0x000001d8   Code   RO         2734    i.HAL_SPI_TransmitReceive  stm32f4xx_hal_spi.o
    0x08002420   0x08002420   0x00000002   Code   RO         3662    i.HAL_TIMEx_BreakCallback  stm32f4xx_hal_tim_ex.o
    0x08002422   0x08002422   0x00000002   Code   RO         3663    i.HAL_TIMEx_CommutationCallback  stm32f4xx_hal_tim_ex.o
    0x08002424   0x08002424   0x00000036   Code   RO         3033    i.HAL_TIM_Base_Init  stm32f4xx_hal_tim.o
    0x0800245a   0x0800245a   0x00000002   Code   RO         3035    i.HAL_TIM_Base_MspInit  stm32f4xx_hal_tim.o
    0x0800245c   0x0800245c   0x00000018   Code   RO         3038    i.HAL_TIM_Base_Start_IT  stm32f4xx_hal_tim.o
    0x08002474   0x08002474   0x00000002   Code   RO         3062    i.HAL_TIM_IC_CaptureCallback  stm32f4xx_hal_tim.o
    0x08002476   0x08002476   0x00000166   Code   RO         3075    i.HAL_TIM_IRQHandler  stm32f4xx_hal_tim.o
    0x080025dc   0x080025dc   0x00000002   Code   RO         3078    i.HAL_TIM_OC_DelayElapsedCallback  stm32f4xx_hal_tim.o
    0x080025de   0x080025de   0x00000002   Code   RO         3105    i.HAL_TIM_PWM_PulseFinishedCallback  stm32f4xx_hal_tim.o
    0x080025e0   0x080025e0   0x00000014   Code   RO           16    i.HAL_TIM_PeriodElapsedCallback  main.o
    0x080025f4   0x080025f4   0x00000002   Code   RO         3116    i.HAL_TIM_TriggerCallback  stm32f4xx_hal_tim.o
    0x080025f6   0x080025f6   0x00000002   Code   RO          555    i.HardFault_Handler  stm32f4xx_it.o
    0x080025f8   0x080025f8   0x0000000c   Code   RO          556    i.I2C2_EV_IRQHandler  stm32f4xx_it.o
    0x08002604   0x08002604   0x0000004e   Code   RO         2343    i.I2C_DMAAbort      stm32f4xx_hal_i2c.o
    0x08002652   0x08002652   0x00000002   PAD
    0x08002654   0x08002654   0x00000124   Code   RO         2346    i.I2C_ITError       stm32f4xx_hal_i2c.o
    0x08002778   0x08002778   0x000000be   Code   RO         2348    i.I2C_MasterReceive_BTF  stm32f4xx_hal_i2c.o
    0x08002836   0x08002836   0x00000084   Code   RO         2349    i.I2C_MasterReceive_RXNE  stm32f4xx_hal_i2c.o
    0x080028ba   0x080028ba   0x00000080   Code   RO         2352    i.I2C_MasterTransmit_BTF  stm32f4xx_hal_i2c.o
    0x0800293a   0x0800293a   0x00000002   PAD
    0x0800293c   0x0800293c   0x00000108   Code   RO         2353    i.I2C_MasterTransmit_TXE  stm32f4xx_hal_i2c.o
    0x08002a44   0x08002a44   0x000000f4   Code   RO         2354    i.I2C_Master_ADDR   stm32f4xx_hal_i2c.o
    0x08002b38   0x08002b38   0x0000005a   Code   RO         2355    i.I2C_Master_SB     stm32f4xx_hal_i2c.o
    0x08002b92   0x08002b92   0x00000002   PAD
    0x08002b94   0x08002b94   0x000000dc   Code   RO         2359    i.I2C_Slave_STOPF   stm32f4xx_hal_i2c.o
    0x08002c70   0x08002c70   0x00000070   Code   RO          496    i.Inicializa_Acelerometro  spi.o
    0x08002ce0   0x08002ce0   0x00000064   Code   RO          316    i.MX_ADC1_Init      adc.o
    0x08002d44   0x08002d44   0x00000064   Code   RO          317    i.MX_ADC2_Init      adc.o
    0x08002da8   0x08002da8   0x00000064   Code   RO          318    i.MX_ADC3_Init      adc.o
    0x08002e0c   0x08002e0c   0x00000044   Code   RO          370    i.MX_CAN1_Init      can.o
    0x08002e50   0x08002e50   0x00000188   Code   RO          290    i.MX_GPIO_Init      gpio.o
    0x08002fd8   0x08002fd8   0x00000040   Code   RO          454    i.MX_I2C2_Init      i2c.o
    0x08003018   0x08003018   0x00000044   Code   RO          497    i.MX_SPI1_Init      spi.o
    0x0800305c   0x0800305c   0x00000002   Code   RO          557    i.MemManage_Handler  stm32f4xx_it.o
    0x0800305e   0x0800305e   0x00000002   Code   RO          558    i.NMI_Handler       stm32f4xx_it.o
    0x08003060   0x08003060   0x00000020   Code   RO         1776    i.NVIC_SetPriority  stm32f4xx_hal_cortex.o
    0x08003080   0x08003080   0x000000a8   Code   RO           17    i.Obtain_Coordinates_XYZ  main.o
    0x08003128   0x08003128   0x00000020   Code   RO         2749    i.SPI_CheckFlag_BSY  stm32f4xx_hal_spi.o
    0x08003148   0x08003148   0x00000050   Code   RO          498    i.SPI_Read          spi.o
    0x08003198   0x08003198   0x00000096   Code   RO         2767    i.SPI_WaitFlagStateUntilTimeout  stm32f4xx_hal_spi.o
    0x0800322e   0x0800322e   0x00000002   PAD
    0x08003230   0x08003230   0x00000090   Code   RO           18    i.StartTarea1       main.o
    0x080032c0   0x080032c0   0x0000002c   Code   RO         4903    i.SysTick_Handler   port.o
    0x080032ec   0x080032ec   0x00000088   Code   RO           19    i.SystemClock_Config  main.o
    0x08003374   0x08003374   0x00000054   Code   RO          707    i.SystemInit        system_stm32f4xx.o
    0x080033c8   0x080033c8   0x0000000c   Code   RO          559    i.TIM1_UP_TIM10_IRQHandler  stm32f4xx_it.o
    0x080033d4   0x080033d4   0x000000c0   Code   RO         3117    i.TIM_Base_SetConfig  stm32f4xx_hal_tim.o
    0x08003494   0x08003494   0x00000002   Code   RO          560    i.UsageFault_Handler  stm32f4xx_it.o
    0x08003496   0x08003496   0x00000030   Code   RO         5095    i.__ARM_fpclassify  m_wm.l(fpclassify.o)
    0x080034c6   0x080034c6   0x00000002   PAD
    0x080034c8   0x080034c8   0x000002d8   Code   RO         5026    i.__hardfp_atan     m_wm.l(atan.o)
    0x080037a0   0x080037a0   0x000001f0   Code   RO         4979    i.__hardfp_atan2    m_wm.l(atan2.o)
    0x08003990   0x08003990   0x0000007a   Code   RO         4991    i.__hardfp_sqrt     m_wm.l(sqrt.o)
    0x08003a0a   0x08003a0a   0x000000f8   Code   RO         5097    i.__kernel_poly     m_wm.l(poly.o)
    0x08003b02   0x08003b02   0x00000014   Code   RO         5041    i.__mathlib_dbl_infnan  m_wm.l(dunder.o)
    0x08003b16   0x08003b16   0x00000014   Code   RO         5042    i.__mathlib_dbl_infnan2  m_wm.l(dunder.o)
    0x08003b2a   0x08003b2a   0x00000006   PAD
    0x08003b30   0x08003b30   0x00000020   Code   RO         5046    i.__mathlib_dbl_underflow  m_wm.l(dunder.o)
    0x08003b50   0x08003b50   0x0000000e   Code   RO         5103    i.__scatterload_copy  mc_w.l(handlers.o)
    0x08003b5e   0x08003b5e   0x00000002   Code   RO         5104    i.__scatterload_null  mc_w.l(handlers.o)
    0x08003b60   0x08003b60   0x0000000e   Code   RO         5105    i.__scatterload_zeroinit  mc_w.l(handlers.o)
    0x08003b6e   0x08003b6e   0x00000002   PAD
    0x08003b70   0x08003b70   0x0000000c   Code   RO         5083    i.__set_errno       mc_w.l(errno.o)
    0x08003b7c   0x08003b7c   0x00000010   Code   RO         5028    i.atan              m_wm.l(atan.o)
    0x08003b8c   0x08003b8c   0x00000018   Code   RO         5056    i.fabs              m_wm.l(fabs.o)
    0x08003ba4   0x08003ba4   0x000000ec   Code   RO           21    i.main              main.o
    0x08003c90   0x08003c90   0x0000000a   Code   RO         4473    i.osKernelStart     cmsis_os.o
    0x08003c9a   0x08003c9a   0x00000002   PAD
    0x08003c9c   0x08003c9c   0x00000070   Code   RO         4173    i.prvAddCurrentTaskToDelayedList  tasks.o
    0x08003d0c   0x08003d0c   0x000000d0   Code   RO         4174    i.prvAddNewTaskToReadyList  tasks.o
    0x08003ddc   0x08003ddc   0x00000050   Code   RO         4175    i.prvCheckTasksWaitingTermination  tasks.o
    0x08003e2c   0x08003e2c   0x00000014   Code   RO         4176    i.prvDeleteTCB      tasks.o
    0x08003e40   0x08003e40   0x0000004c   Code   RO         4841    i.prvHeapInit       heap_4.o
    0x08003e8c   0x08003e8c   0x00000028   Code   RO         4177    i.prvIdleTask       tasks.o
    0x08003eb4   0x08003eb4   0x0000008e   Code   RO         4178    i.prvInitialiseNewTask  tasks.o
    0x08003f42   0x08003f42   0x00000002   PAD
    0x08003f44   0x08003f44   0x0000004c   Code   RO         4842    i.prvInsertBlockIntoFreeList  heap_4.o
    0x08003f90   0x08003f90   0x00000020   Code   RO         4179    i.prvResetNextTaskUnblockTime  tasks.o
    0x08003fb0   0x08003fb0   0x00000028   Code   RO         4904    i.prvTaskExitError  port.o
    0x08003fd8   0x08003fd8   0x000000d8   Code   RO         4843    i.pvPortMalloc      heap_4.o
    0x080040b0   0x080040b0   0x0000002c   Code   RO         4905    i.pxPortInitialiseStack  port.o
    0x080040dc   0x080040dc   0x00000058   Code   RO           22    i.startTarea2       main.o
    0x08004134   0x08004134   0x000000d8   Code   RO           24    i.startTarea4       main.o
    0x0800420c   0x0800420c   0x000000ac   Code   RO           25    i.startTarea5       main.o
    0x080042b8   0x080042b8   0x00000024   Code   RO         3996    i.uxListRemove      list.o
    0x080042dc   0x080042dc   0x00000016   Code   RO         3997    i.vListInitialise   list.o
    0x080042f2   0x080042f2   0x00000006   Code   RO         3998    i.vListInitialiseItem  list.o
    0x080042f8   0x080042f8   0x00000030   Code   RO         3999    i.vListInsert       list.o
    0x08004328   0x08004328   0x00000018   Code   RO         4000    i.vListInsertEnd    list.o
    0x08004340   0x08004340   0x00000040   Code   RO         4907    i.vPortEnterCritical  port.o
    0x08004380   0x08004380   0x00000028   Code   RO         4908    i.vPortExitCritical  port.o
    0x080043a8   0x080043a8   0x0000005c   Code   RO         4844    i.vPortFree         heap_4.o
    0x08004404   0x08004404   0x00000020   Code   RO         4909    i.vPortSetupTimerInterrupt  port.o
    0x08004424   0x08004424   0x0000008c   Code   RO         4188    i.vTaskDelayUntil   tasks.o
    0x080044b0   0x080044b0   0x00000068   Code   RO         4199    i.vTaskStartScheduler  tasks.o
    0x08004518   0x08004518   0x00000010   Code   RO         4201    i.vTaskSuspendAll   tasks.o
    0x08004528   0x08004528   0x0000005c   Code   RO         4202    i.vTaskSwitchContext  tasks.o
    0x08004584   0x08004584   0x000000e0   Code   RO         4911    i.xPortStartScheduler  port.o
    0x08004664   0x08004664   0x00000048   Code   RO         4044    i.xQueueGenericCreate  queue.o
    0x080046ac   0x080046ac   0x00000088   Code   RO         4046    i.xQueueGenericReset  queue.o
    0x08004734   0x08004734   0x00000056   Code   RO         4204    i.xTaskCreate       tasks.o
    0x0800478a   0x0800478a   0x00000002   PAD
    0x0800478c   0x0800478c   0x0000000c   Code   RO         4209    i.xTaskGetTickCount  tasks.o
    0x08004798   0x08004798   0x000000c8   Code   RO         4211    i.xTaskIncrementTick  tasks.o
    0x08004860   0x08004860   0x00000074   Code   RO         4215    i.xTaskRemoveFromEventList  tasks.o
    0x080048d4   0x080048d4   0x000000c4   Code   RO         4217    i.xTaskResumeAll    tasks.o
    0x08004998   0x08004998   0x00000010   Data   RO          708    .constdata          system_stm32f4xx.o
    0x080049a8   0x080049a8   0x00000008   Data   RO          709    .constdata          system_stm32f4xx.o
    0x080049b0   0x080049b0   0x00000098   Data   RO         5029    .constdata          m_wm.l(atan.o)
    0x08004a48   0x08004a48   0x00000008   Data   RO         5060    .constdata          m_wm.l(qnan.o)
    0x08004a50   0x08004a50   0x00000020   Data   RO         5101    Region$$Table       anon$$obj.o


    Execution Region RW_IRAM1 (Exec base: 0x20000000, Load base: 0x08004a70, Size: 0x000043b0, Max: 0x00020000, ABSOLUTE)

    Exec Addr    Load Addr    Size         Type   Attr      Idx    E Section Name        Object

    0x20000000   0x08004a70   0x00000060   Data   RW           27    .data               main.o
    0x20000060   0x08004ad0   0x00000004   Data   RW          500    .data               spi.o
    0x20000064   0x08004ad4   0x00000004   Data   RW          710    .data               system_stm32f4xx.o
    0x20000068   0x08004ad8   0x0000000c   Data   RW         1918    .data               stm32f4xx_hal.o
    0x20000074   0x08004ae4   0x0000003c   Data   RW         4220    .data               tasks.o
    0x200000b0   0x08004b20   0x00000018   Data   RW         4849    .data               heap_4.o
    0x200000c8   0x08004b38   0x0000000c   Data   RW         4912    .data               port.o
    0x200000d4   0x08004b44   0x00000004   Data   RW         5084    .data               mc_w.l(errno.o)
    0x200000d8        -       0x000000d8   Zero   RW          319    .bss                adc.o
    0x200001b0        -       0x00000028   Zero   RW          371    .bss                can.o
    0x200001d8        -       0x00000054   Zero   RW          455    .bss                i2c.o
    0x2000022c        -       0x00000058   Zero   RW          499    .bss                spi.o
    0x20000284        -       0x0000003c   Zero   RW          670    .bss                stm32f4xx_hal_timebase_tim.o
    0x200002c0        -       0x000000f0   Zero   RW         4219    .bss                tasks.o
    0x200003b0        -       0x00003c00   Zero   RW         4848    .bss                heap_4.o
    0x20003fb0        -       0x00000400   Zero   RW            1    STACK               startup_stm32f407xx.o


==============================================================================

Image component sizes


      Code (inc. data)   RO Data    RW Data    ZI Data      Debug   Object Name

       536         68          0          0        216       2991   adc.o
       192         22          0          0         40       1605   can.o
        10          0          0          0          0      10634   cmsis_os.o
         0          0          0          0          0       9484   event_groups.o
       392         28          0          0          0       1083   gpio.o
       460         24          0         24      15360       7239   heap_4.o
       188         28          0          0         84       1601   i2c.o
       136          0          0          0          0       3466   list.o
      1462        236          0         96          0     728632   main.o
       674         74          0         12          0      10880   port.o
       208          4          0          0          0       4255   queue.o
       364         48          0          4         88       2768   spi.o
        36          8        392          0       1024        824   startup_stm32f407xx.o
        80         14          0         12          0       3182   stm32f4xx_hal.o
      1064         46          0          0          0       5106   stm32f4xx_hal_adc.o
       816          0          0          0          0       9871   stm32f4xx_hal_can.o
       154         14          0          0          0      29542   stm32f4xx_hal_cortex.o
        36          0          0          0          0       1191   stm32f4xx_hal_dma.o
       474         50          0          0          0       3600   stm32f4xx_hal_gpio.o
      2418         34          0          0          0      17893   stm32f4xx_hal_i2c.o
        56          4          0          0          0        810   stm32f4xx_hal_msp.o
      1324         86          0          0          0       5713   stm32f4xx_hal_rcc.o
      1478          0          0          0          0       6834   stm32f4xx_hal_spi.o
       638         44          0          0          0       6918   stm32f4xx_hal_tim.o
         4          0          0          0          0       1570   stm32f4xx_hal_tim_ex.o
       116         16          0          0         60       1359   stm32f4xx_hal_timebase_tim.o
        62         18          0          0          0       5370   stm32f4xx_it.o
        84         18         24          4          0       1119   system_stm32f4xx.o
      1596        128          0         60        240      17038   tasks.o

    ----------------------------------------------------------------------
     15090       1012        448        212      17112     902578   Object Totals
         0          0         32          0          0          0   (incl. Generated)
        32          0          0          0          0          0   (incl. Padding)

    ----------------------------------------------------------------------

      Code (inc. data)   RO Data    RW Data    ZI Data      Debug   Library Member Name

       744        106        152          0          0        352   atan.o
       496         64          0          0          0        192   atan2.o
        72          8          0          0          0        372   dunder.o
        24          0          0          0          0        124   fabs.o
        48          0          0          0          0        124   fpclassify.o
       248          0          0          0          0        152   poly.o
         0          0          8          0          0          0   qnan.o
       122          0          0          0          0        148   sqrt.o
         0          0          0          0          0          0   entry.o
         0          0          0          0          0          0   entry10a.o
         0          0          0          0          0          0   entry11a.o
         8          4          0          0          0          0   entry2.o
         4          0          0          0          0          0   entry5.o
         0          0          0          0          0          0   entry7b.o
         0          0          0          0          0          0   entry8b.o
         8          4          0          0          0          0   entry9a.o
        12          6          0          4          0         68   errno.o
        30          0          0          0          0          0   handlers.o
        36          8          0          0          0         68   init.o
         0          0          0          0          0          0   iusefp.o
        30          0          0          0          0         68   llshl.o
        36          0          0          0          0         68   llsshr.o
        32          0          0          0          0         68   llushr.o
        36          0          0          0          0        108   memseta.o
        98          0          0          0          0         92   uldiv.o
        48          0          0          0          0         68   cdcmple.o
        48          0          0          0          0         68   cdrcmple.o
       334          0          0          0          0        148   dadd.o
       222          0          0          0          0        100   ddiv.o
       186          0          0          0          0        176   depilogue.o
        34          0          0          0          0         76   dflti.o
       228          0          0          0          0         96   dmul.o
       162          0          0          0          0        100   dsqrt.o

    ----------------------------------------------------------------------
      3358        200        160          4          0       2836   Library Totals
        12          0          0          0          0          0   (incl. Padding)

    ----------------------------------------------------------------------

      Code (inc. data)   RO Data    RW Data    ZI Data      Debug   Library Name

      1754        178        160          0          0       1464   m_wm.l
       330         22          0          4          0        540   mc_w.l
      1262          0          0          0          0        832   mf_w.l

    ----------------------------------------------------------------------
      3358        200        160          4          0       2836   Library Totals

    ----------------------------------------------------------------------

==============================================================================


      Code (inc. data)   RO Data    RW Data    ZI Data      Debug   

     18448       1212        608        216      17112     889494   Grand Totals
     18448       1212        608        216      17112     889494   ELF Image Totals
     18448       1212        608        216          0          0   ROM Totals

==============================================================================

    Total RO  Size (Code + RO Data)                19056 (  18.61kB)
    Total RW  Size (RW Data + ZI Data)             17328 (  16.92kB)
    Total ROM Size (Code + RO Data + RW Data)      19272 (  18.82kB)

==============================================================================

